EXTI_Program.c:21:6:EXTI_enuSetINTStatus	24	static
EXTI_Program.c:76:6:EXTI_enuEnableINT	24	static
EXTI_Program.c:93:6:EXTI_enuDisableINT	24	static
EXTI_Program.c:110:6:EXTI_enuClearINTPending	24	static
EXTI_Program.c:126:6:EXTI_enuIsINTActive	24	static
EXTI_Program.c:149:6:EXTI_enuGenerate_SW_INT	24	static
EXTI_Program.c:173:6:EXTI_enuSetCallBackFun	24	static
EXTI_Program.c:206:6:EXTI0_IRQHandler	8	static
EXTI_Program.c:214:6:EXTI1_IRQHandler	8	static
EXTI_Program.c:222:6:EXTI2_IRQHandler	8	static
EXTI_Program.c:230:6:EXTI3_IRQHandler	8	static
EXTI_Program.c:238:6:EXTI4_IRQHandler	8	static
EXTI_Program.c:246:6:EXTI9_5_IRQHandler	8	static
EXTI_Program.c:254:6:EXTI15_10_IRQHandler	8	static
