Archive member included to satisfy reference by file (symbol)

d:/cat reloaded/arm/nti_basem/stm32cubeide/stm32cubeide_1.4.0/stm32cubeide/plugins/com.st.stm32cube.ide.mcu.externaltools.gnu-tools-for-stm32.7-2018-q2-update.win32_1.4.0.202007081208/tools/bin/../lib/gcc/arm-none-eabi/7.3.1/../../../../arm-none-eabi/lib/thumb/v7-m\libc_nano.a(lib_a-errno.o)
                              Src/syscalls.o (__errno)
d:/cat reloaded/arm/nti_basem/stm32cubeide/stm32cubeide_1.4.0/stm32cubeide/plugins/com.st.stm32cube.ide.mcu.externaltools.gnu-tools-for-stm32.7-2018-q2-update.win32_1.4.0.202007081208/tools/bin/../lib/gcc/arm-none-eabi/7.3.1/../../../../arm-none-eabi/lib/thumb/v7-m\libc_nano.a(lib_a-exit.o)
                              d:/cat reloaded/arm/nti_basem/stm32cubeide/stm32cubeide_1.4.0/stm32cubeide/plugins/com.st.stm32cube.ide.mcu.externaltools.gnu-tools-for-stm32.7-2018-q2-update.win32_1.4.0.202007081208/tools/bin/../lib/gcc/arm-none-eabi/7.3.1/../../../../arm-none-eabi/lib/thumb/v7-m/crt0.o (exit)
d:/cat reloaded/arm/nti_basem/stm32cubeide/stm32cubeide_1.4.0/stm32cubeide/plugins/com.st.stm32cube.ide.mcu.externaltools.gnu-tools-for-stm32.7-2018-q2-update.win32_1.4.0.202007081208/tools/bin/../lib/gcc/arm-none-eabi/7.3.1/../../../../arm-none-eabi/lib/thumb/v7-m\libc_nano.a(lib_a-impure.o)
                              d:/cat reloaded/arm/nti_basem/stm32cubeide/stm32cubeide_1.4.0/stm32cubeide/plugins/com.st.stm32cube.ide.mcu.externaltools.gnu-tools-for-stm32.7-2018-q2-update.win32_1.4.0.202007081208/tools/bin/../lib/gcc/arm-none-eabi/7.3.1/../../../../arm-none-eabi/lib/thumb/v7-m\libc_nano.a(lib_a-exit.o) (_global_impure_ptr)
d:/cat reloaded/arm/nti_basem/stm32cubeide/stm32cubeide_1.4.0/stm32cubeide/plugins/com.st.stm32cube.ide.mcu.externaltools.gnu-tools-for-stm32.7-2018-q2-update.win32_1.4.0.202007081208/tools/bin/../lib/gcc/arm-none-eabi/7.3.1/../../../../arm-none-eabi/lib/thumb/v7-m\libc_nano.a(lib_a-init.o)
                              d:/cat reloaded/arm/nti_basem/stm32cubeide/stm32cubeide_1.4.0/stm32cubeide/plugins/com.st.stm32cube.ide.mcu.externaltools.gnu-tools-for-stm32.7-2018-q2-update.win32_1.4.0.202007081208/tools/bin/../lib/gcc/arm-none-eabi/7.3.1/../../../../arm-none-eabi/lib/thumb/v7-m/crt0.o (__libc_init_array)
d:/cat reloaded/arm/nti_basem/stm32cubeide/stm32cubeide_1.4.0/stm32cubeide/plugins/com.st.stm32cube.ide.mcu.externaltools.gnu-tools-for-stm32.7-2018-q2-update.win32_1.4.0.202007081208/tools/bin/../lib/gcc/arm-none-eabi/7.3.1/../../../../arm-none-eabi/lib/thumb/v7-m\libc_nano.a(lib_a-memset.o)
                              d:/cat reloaded/arm/nti_basem/stm32cubeide/stm32cubeide_1.4.0/stm32cubeide/plugins/com.st.stm32cube.ide.mcu.externaltools.gnu-tools-for-stm32.7-2018-q2-update.win32_1.4.0.202007081208/tools/bin/../lib/gcc/arm-none-eabi/7.3.1/../../../../arm-none-eabi/lib/thumb/v7-m/crt0.o (memset)

Discarded input sections

 .text          0x0000000000000000        0x0 d:/cat reloaded/arm/nti_basem/stm32cubeide/stm32cubeide_1.4.0/stm32cubeide/plugins/com.st.stm32cube.ide.mcu.externaltools.gnu-tools-for-stm32.7-2018-q2-update.win32_1.4.0.202007081208/tools/bin/../lib/gcc/arm-none-eabi/7.3.1/thumb/v7-m/crti.o
 .data          0x0000000000000000        0x0 d:/cat reloaded/arm/nti_basem/stm32cubeide/stm32cubeide_1.4.0/stm32cubeide/plugins/com.st.stm32cube.ide.mcu.externaltools.gnu-tools-for-stm32.7-2018-q2-update.win32_1.4.0.202007081208/tools/bin/../lib/gcc/arm-none-eabi/7.3.1/thumb/v7-m/crti.o
 .bss           0x0000000000000000        0x0 d:/cat reloaded/arm/nti_basem/stm32cubeide/stm32cubeide_1.4.0/stm32cubeide/plugins/com.st.stm32cube.ide.mcu.externaltools.gnu-tools-for-stm32.7-2018-q2-update.win32_1.4.0.202007081208/tools/bin/../lib/gcc/arm-none-eabi/7.3.1/thumb/v7-m/crti.o
 .data          0x0000000000000000        0x4 d:/cat reloaded/arm/nti_basem/stm32cubeide/stm32cubeide_1.4.0/stm32cubeide/plugins/com.st.stm32cube.ide.mcu.externaltools.gnu-tools-for-stm32.7-2018-q2-update.win32_1.4.0.202007081208/tools/bin/../lib/gcc/arm-none-eabi/7.3.1/thumb/v7-m/crtbegin.o
 .text          0x0000000000000000       0x74 d:/cat reloaded/arm/nti_basem/stm32cubeide/stm32cubeide_1.4.0/stm32cubeide/plugins/com.st.stm32cube.ide.mcu.externaltools.gnu-tools-for-stm32.7-2018-q2-update.win32_1.4.0.202007081208/tools/bin/../lib/gcc/arm-none-eabi/7.3.1/../../../../arm-none-eabi/lib/thumb/v7-m/crt0.o
 .data          0x0000000000000000        0x0 d:/cat reloaded/arm/nti_basem/stm32cubeide/stm32cubeide_1.4.0/stm32cubeide/plugins/com.st.stm32cube.ide.mcu.externaltools.gnu-tools-for-stm32.7-2018-q2-update.win32_1.4.0.202007081208/tools/bin/../lib/gcc/arm-none-eabi/7.3.1/../../../../arm-none-eabi/lib/thumb/v7-m/crt0.o
 .bss           0x0000000000000000        0x0 d:/cat reloaded/arm/nti_basem/stm32cubeide/stm32cubeide_1.4.0/stm32cubeide/plugins/com.st.stm32cube.ide.mcu.externaltools.gnu-tools-for-stm32.7-2018-q2-update.win32_1.4.0.202007081208/tools/bin/../lib/gcc/arm-none-eabi/7.3.1/../../../../arm-none-eabi/lib/thumb/v7-m/crt0.o
 .ARM.extab     0x0000000000000000        0x0 d:/cat reloaded/arm/nti_basem/stm32cubeide/stm32cubeide_1.4.0/stm32cubeide/plugins/com.st.stm32cube.ide.mcu.externaltools.gnu-tools-for-stm32.7-2018-q2-update.win32_1.4.0.202007081208/tools/bin/../lib/gcc/arm-none-eabi/7.3.1/../../../../arm-none-eabi/lib/thumb/v7-m/crt0.o
 .ARM.exidx     0x0000000000000000        0x8 d:/cat reloaded/arm/nti_basem/stm32cubeide/stm32cubeide_1.4.0/stm32cubeide/plugins/com.st.stm32cube.ide.mcu.externaltools.gnu-tools-for-stm32.7-2018-q2-update.win32_1.4.0.202007081208/tools/bin/../lib/gcc/arm-none-eabi/7.3.1/../../../../arm-none-eabi/lib/thumb/v7-m/crt0.o
 .ARM.attributes
                0x0000000000000000       0x1b d:/cat reloaded/arm/nti_basem/stm32cubeide/stm32cubeide_1.4.0/stm32cubeide/plugins/com.st.stm32cube.ide.mcu.externaltools.gnu-tools-for-stm32.7-2018-q2-update.win32_1.4.0.202007081208/tools/bin/../lib/gcc/arm-none-eabi/7.3.1/../../../../arm-none-eabi/lib/thumb/v7-m/crt0.o
 .group         0x0000000000000000        0xc Src/EXTI_Program.o
 .group         0x0000000000000000        0xc Src/EXTI_Program.o
 .group         0x0000000000000000        0xc Src/EXTI_Program.o
 .group         0x0000000000000000        0xc Src/EXTI_Program.o
 .text          0x0000000000000000        0x0 Src/EXTI_Program.o
 .data          0x0000000000000000        0x0 Src/EXTI_Program.o
 .bss           0x0000000000000000        0x0 Src/EXTI_Program.o
 .text.EXTI_enuEnableINT
                0x0000000000000000       0x44 Src/EXTI_Program.o
 .text.EXTI_enuDisableINT
                0x0000000000000000       0x44 Src/EXTI_Program.o
 .text.EXTI_enuClearINTPending
                0x0000000000000000       0x44 Src/EXTI_Program.o
 .text.EXTI_enuIsINTActive
                0x0000000000000000       0x54 Src/EXTI_Program.o
 .text.EXTI_enuGenerate_SW_INT
                0x0000000000000000       0x44 Src/EXTI_Program.o
 .group         0x0000000000000000        0xc Src/GPIO_Config.o
 .text          0x0000000000000000        0x0 Src/GPIO_Config.o
 .data          0x0000000000000000        0x0 Src/GPIO_Config.o
 .bss           0x0000000000000000        0x0 Src/GPIO_Config.o
 .debug_info    0x0000000000000000       0x21 Src/GPIO_Config.o
 .debug_abbrev  0x0000000000000000       0x13 Src/GPIO_Config.o
 .debug_aranges
                0x0000000000000000       0x18 Src/GPIO_Config.o
 .debug_macro   0x0000000000000000       0x11 Src/GPIO_Config.o
 .debug_macro   0x0000000000000000      0xa60 Src/GPIO_Config.o
 .debug_line    0x0000000000000000       0x35 Src/GPIO_Config.o
 .debug_str     0x0000000000000000     0x2cc9 Src/GPIO_Config.o
 .comment       0x0000000000000000       0x7c Src/GPIO_Config.o
 .ARM.attributes
                0x0000000000000000       0x33 Src/GPIO_Config.o
 .group         0x0000000000000000        0xc Src/GPIO_Prog.o
 .group         0x0000000000000000        0xc Src/GPIO_Prog.o
 .group         0x0000000000000000        0xc Src/GPIO_Prog.o
 .group         0x0000000000000000        0xc Src/GPIO_Prog.o
 .text          0x0000000000000000        0x0 Src/GPIO_Prog.o
 .data          0x0000000000000000        0x0 Src/GPIO_Prog.o
 .bss           0x0000000000000000        0x0 Src/GPIO_Prog.o
 .text.GPIO_enuSetPinVal
                0x0000000000000000       0x8c Src/GPIO_Prog.o
 .text.GPIO_enuGetPinVal
                0x0000000000000000       0xac Src/GPIO_Prog.o
 .debug_macro   0x0000000000000000      0xa60 Src/GPIO_Prog.o
 .debug_macro   0x0000000000000000       0x10 Src/GPIO_Prog.o
 .debug_macro   0x0000000000000000       0x2e Src/GPIO_Prog.o
 .debug_macro   0x0000000000000000       0x64 Src/GPIO_Prog.o
 .group         0x0000000000000000        0xc Src/NVIC_Programe.o
 .group         0x0000000000000000        0xc Src/NVIC_Programe.o
 .group         0x0000000000000000        0xc Src/NVIC_Programe.o
 .group         0x0000000000000000        0xc Src/NVIC_Programe.o
 .group         0x0000000000000000        0xc Src/NVIC_Programe.o
 .text          0x0000000000000000        0x0 Src/NVIC_Programe.o
 .data          0x0000000000000000        0x0 Src/NVIC_Programe.o
 .bss           0x0000000000000000        0x0 Src/NVIC_Programe.o
 .text.NVIC_enuDisableINT
                0x0000000000000000       0xa0 Src/NVIC_Programe.o
 .text.NVIC_enuSetPendingINT
                0x0000000000000000       0xa0 Src/NVIC_Programe.o
 .text.NVIC_enuClearPendingINT
                0x0000000000000000       0xa0 Src/NVIC_Programe.o
 .text.NVIC_enuGetINTStatues
                0x0000000000000000       0xa8 Src/NVIC_Programe.o
 .text.NVIC_enuSetGroupPriority
                0x0000000000000000       0x9c Src/NVIC_Programe.o
 .debug_macro   0x0000000000000000      0xa60 Src/NVIC_Programe.o
 .debug_macro   0x0000000000000000       0x10 Src/NVIC_Programe.o
 .debug_macro   0x0000000000000000       0x2e Src/NVIC_Programe.o
 .debug_macro   0x0000000000000000       0x64 Src/NVIC_Programe.o
 .group         0x0000000000000000        0xc Src/RCC_Prog.o
 .group         0x0000000000000000        0xc Src/RCC_Prog.o
 .group         0x0000000000000000        0xc Src/RCC_Prog.o
 .group         0x0000000000000000        0xc Src/RCC_Prog.o
 .group         0x0000000000000000        0xc Src/RCC_Prog.o
 .group         0x0000000000000000        0xc Src/RCC_Prog.o
 .group         0x0000000000000000        0xc Src/RCC_Prog.o
 .text          0x0000000000000000        0x0 Src/RCC_Prog.o
 .data          0x0000000000000000        0x0 Src/RCC_Prog.o
 .bss           0x0000000000000000        0x0 Src/RCC_Prog.o
 .text.RCC_enuStateMCOpin
                0x0000000000000000      0x128 Src/RCC_Prog.o
 .text.RCC_enuStateCLKSecuritySys
                0x0000000000000000       0x54 Src/RCC_Prog.o
 .text.RCC_enuTrimHSI
                0x0000000000000000       0x50 Src/RCC_Prog.o
 .text.RCC_enuStateClkSourceInterrupt
                0x0000000000000000      0x10c Src/RCC_Prog.o
 .text.RCC_enuResetPeripheral
                0x0000000000000000       0x6c Src/RCC_Prog.o
 .debug_macro   0x0000000000000000      0xa60 Src/RCC_Prog.o
 .debug_macro   0x0000000000000000       0x10 Src/RCC_Prog.o
 .debug_macro   0x0000000000000000       0x2e Src/RCC_Prog.o
 .debug_macro   0x0000000000000000       0x64 Src/RCC_Prog.o
 .group         0x0000000000000000        0xc Src/STK_prog.o
 .group         0x0000000000000000        0xc Src/STK_prog.o
 .group         0x0000000000000000        0xc Src/STK_prog.o
 .group         0x0000000000000000        0xc Src/STK_prog.o
 .group         0x0000000000000000        0xc Src/STK_prog.o
 .group         0x0000000000000000        0xc Src/STK_prog.o
 .text          0x0000000000000000        0x0 Src/STK_prog.o
 .data          0x0000000000000000        0x0 Src/STK_prog.o
 .bss           0x0000000000000000        0x0 Src/STK_prog.o
 .text.STK_enuSyncDelay
                0x0000000000000000       0x58 Src/STK_prog.o
 .text.STK_enuASyncDelaySingleShot
                0x0000000000000000       0x64 Src/STK_prog.o
 .text.STK_enuASyncDelayMultiShot
                0x0000000000000000       0x64 Src/STK_prog.o
 .text.STK_enuStopTimer
                0x0000000000000000       0x38 Src/STK_prog.o
 .text.STK_enuGetElapsedTime
                0x0000000000000000       0x34 Src/STK_prog.o
 .text.STK_enuGetRemainingTime
                0x0000000000000000       0x34 Src/STK_prog.o
 .debug_macro   0x0000000000000000      0xa60 Src/STK_prog.o
 .debug_macro   0x0000000000000000       0x10 Src/STK_prog.o
 .debug_macro   0x0000000000000000       0x2e Src/STK_prog.o
 .debug_macro   0x0000000000000000       0x64 Src/STK_prog.o
 .group         0x0000000000000000        0xc Src/main.o
 .group         0x0000000000000000        0xc Src/main.o
 .group         0x0000000000000000        0xc Src/main.o
 .group         0x0000000000000000        0xc Src/main.o
 .group         0x0000000000000000        0xc Src/main.o
 .text          0x0000000000000000        0x0 Src/main.o
 .data          0x0000000000000000        0x0 Src/main.o
 .bss           0x0000000000000000        0x0 Src/main.o
 .data.Local_strEXTI0
                0x0000000000000000        0x3 Src/main.o
 .debug_macro   0x0000000000000000      0xa60 Src/main.o
 .debug_macro   0x0000000000000000       0x10 Src/main.o
 .debug_macro   0x0000000000000000       0x2e Src/main.o
 .debug_macro   0x0000000000000000      0x175 Src/main.o
 .debug_macro   0x0000000000000000      0x18a Src/main.o
 .group         0x0000000000000000        0xc Src/syscalls.o
 .group         0x0000000000000000        0xc Src/syscalls.o
 .group         0x0000000000000000        0xc Src/syscalls.o
 .group         0x0000000000000000        0xc Src/syscalls.o
 .group         0x0000000000000000        0xc Src/syscalls.o
 .group         0x0000000000000000        0xc Src/syscalls.o
 .group         0x0000000000000000        0xc Src/syscalls.o
 .group         0x0000000000000000        0xc Src/syscalls.o
 .group         0x0000000000000000        0xc Src/syscalls.o
 .group         0x0000000000000000        0xc Src/syscalls.o
 .group         0x0000000000000000        0xc Src/syscalls.o
 .group         0x0000000000000000        0xc Src/syscalls.o
 .group         0x0000000000000000        0xc Src/syscalls.o
 .group         0x0000000000000000        0xc Src/syscalls.o
 .group         0x0000000000000000        0xc Src/syscalls.o
 .group         0x0000000000000000        0xc Src/syscalls.o
 .group         0x0000000000000000        0xc Src/syscalls.o
 .group         0x0000000000000000        0xc Src/syscalls.o
 .group         0x0000000000000000        0xc Src/syscalls.o
 .group         0x0000000000000000        0xc Src/syscalls.o
 .group         0x0000000000000000        0xc Src/syscalls.o
 .group         0x0000000000000000        0xc Src/syscalls.o
 .group         0x0000000000000000        0xc Src/syscalls.o
 .group         0x0000000000000000        0xc Src/syscalls.o
 .group         0x0000000000000000        0xc Src/syscalls.o
 .group         0x0000000000000000        0xc Src/syscalls.o
 .group         0x0000000000000000        0xc Src/syscalls.o
 .group         0x0000000000000000        0xc Src/syscalls.o
 .group         0x0000000000000000        0xc Src/syscalls.o
 .group         0x0000000000000000        0xc Src/syscalls.o
 .group         0x0000000000000000        0xc Src/syscalls.o
 .group         0x0000000000000000        0xc Src/syscalls.o
 .group         0x0000000000000000        0xc Src/syscalls.o
 .group         0x0000000000000000        0xc Src/syscalls.o
 .group         0x0000000000000000        0xc Src/syscalls.o
 .group         0x0000000000000000        0xc Src/syscalls.o
 .group         0x0000000000000000        0xc Src/syscalls.o
 .group         0x0000000000000000        0xc Src/syscalls.o
 .group         0x0000000000000000        0xc Src/syscalls.o
 .group         0x0000000000000000        0xc Src/syscalls.o
 .group         0x0000000000000000        0xc Src/syscalls.o
 .group         0x0000000000000000        0xc Src/syscalls.o
 .group         0x0000000000000000        0xc Src/syscalls.o
 .group         0x0000000000000000        0xc Src/syscalls.o
 .text          0x0000000000000000        0x0 Src/syscalls.o
 .data          0x0000000000000000        0x0 Src/syscalls.o
 .bss           0x0000000000000000        0x0 Src/syscalls.o
 .bss.__env     0x0000000000000000        0x4 Src/syscalls.o
 .data.environ  0x0000000000000000        0x4 Src/syscalls.o
 .text.initialise_monitor_handles
                0x0000000000000000        0xc Src/syscalls.o
 .text._getpid  0x0000000000000000        0xe Src/syscalls.o
 .text._kill    0x0000000000000000       0x20 Src/syscalls.o
 .text._exit    0x0000000000000000       0x14 Src/syscalls.o
 .text._read    0x0000000000000000       0x3a Src/syscalls.o
 .text._write   0x0000000000000000       0x38 Src/syscalls.o
 .text._close   0x0000000000000000       0x16 Src/syscalls.o
 .text._fstat   0x0000000000000000       0x1e Src/syscalls.o
 .text._isatty  0x0000000000000000       0x14 Src/syscalls.o
 .text._lseek   0x0000000000000000       0x18 Src/syscalls.o
 .text._open    0x0000000000000000       0x1a Src/syscalls.o
 .text._wait    0x0000000000000000       0x1e Src/syscalls.o
 .text._unlink  0x0000000000000000       0x1e Src/syscalls.o
 .text._times   0x0000000000000000       0x16 Src/syscalls.o
 .text._stat    0x0000000000000000       0x1e Src/syscalls.o
 .text._link    0x0000000000000000       0x20 Src/syscalls.o
 .text._fork    0x0000000000000000       0x16 Src/syscalls.o
 .text._execve  0x0000000000000000       0x22 Src/syscalls.o
 .debug_info    0x0000000000000000      0xebd Src/syscalls.o
 .debug_abbrev  0x0000000000000000      0x261 Src/syscalls.o
 .debug_aranges
                0x0000000000000000       0xa8 Src/syscalls.o
 .debug_ranges  0x0000000000000000       0x98 Src/syscalls.o
 .debug_macro   0x0000000000000000      0x243 Src/syscalls.o
 .debug_macro   0x0000000000000000      0xa60 Src/syscalls.o
 .debug_macro   0x0000000000000000       0x22 Src/syscalls.o
 .debug_macro   0x0000000000000000       0x40 Src/syscalls.o
 .debug_macro   0x0000000000000000       0x18 Src/syscalls.o
 .debug_macro   0x0000000000000000       0x94 Src/syscalls.o
 .debug_macro   0x0000000000000000       0x3c Src/syscalls.o
 .debug_macro   0x0000000000000000       0x34 Src/syscalls.o
 .debug_macro   0x0000000000000000       0x57 Src/syscalls.o
 .debug_macro   0x0000000000000000      0x174 Src/syscalls.o
 .debug_macro   0x0000000000000000      0x330 Src/syscalls.o
 .debug_macro   0x0000000000000000       0x52 Src/syscalls.o
 .debug_macro   0x0000000000000000       0x1f Src/syscalls.o
 .debug_macro   0x0000000000000000       0x43 Src/syscalls.o
 .debug_macro   0x0000000000000000       0x20 Src/syscalls.o
 .debug_macro   0x0000000000000000      0x1a3 Src/syscalls.o
 .debug_macro   0x0000000000000000       0x10 Src/syscalls.o
 .debug_macro   0x0000000000000000       0x35 Src/syscalls.o
 .debug_macro   0x0000000000000000       0x10 Src/syscalls.o
 .debug_macro   0x0000000000000000       0x10 Src/syscalls.o
 .debug_macro   0x0000000000000000       0x10 Src/syscalls.o
 .debug_macro   0x0000000000000000       0x6a Src/syscalls.o
 .debug_macro   0x0000000000000000       0x1c Src/syscalls.o
 .debug_macro   0x0000000000000000       0x52 Src/syscalls.o
 .debug_macro   0x0000000000000000       0x40 Src/syscalls.o
 .debug_macro   0x0000000000000000       0x10 Src/syscalls.o
 .debug_macro   0x0000000000000000       0x40 Src/syscalls.o
 .debug_macro   0x0000000000000000       0xd7 Src/syscalls.o
 .debug_macro   0x0000000000000000       0x1c Src/syscalls.o
 .debug_macro   0x0000000000000000       0x3d Src/syscalls.o
 .debug_macro   0x0000000000000000       0x35 Src/syscalls.o
 .debug_macro   0x0000000000000000      0x122 Src/syscalls.o
 .debug_macro   0x0000000000000000       0x16 Src/syscalls.o
 .debug_macro   0x0000000000000000       0x16 Src/syscalls.o
 .debug_macro   0x0000000000000000       0x29 Src/syscalls.o
 .debug_macro   0x0000000000000000       0x10 Src/syscalls.o
 .debug_macro   0x0000000000000000      0x241 Src/syscalls.o
 .debug_macro   0x0000000000000000       0x1c Src/syscalls.o
 .debug_macro   0x0000000000000000       0x10 Src/syscalls.o
 .debug_macro   0x0000000000000000       0x10 Src/syscalls.o
 .debug_macro   0x0000000000000000       0x16 Src/syscalls.o
 .debug_macro   0x0000000000000000      0x145 Src/syscalls.o
 .debug_macro   0x0000000000000000      0x189 Src/syscalls.o
 .debug_macro   0x0000000000000000       0x16 Src/syscalls.o
 .debug_macro   0x0000000000000000       0x88 Src/syscalls.o
 .debug_line    0x0000000000000000      0x87f Src/syscalls.o
 .debug_str     0x0000000000000000     0x8869 Src/syscalls.o
 .comment       0x0000000000000000       0x7c Src/syscalls.o
 .debug_frame   0x0000000000000000      0x2ac Src/syscalls.o
 .ARM.attributes
                0x0000000000000000       0x33 Src/syscalls.o
 .group         0x0000000000000000        0xc Src/sysmem.o
 .group         0x0000000000000000        0xc Src/sysmem.o
 .group         0x0000000000000000        0xc Src/sysmem.o
 .group         0x0000000000000000        0xc Src/sysmem.o
 .group         0x0000000000000000        0xc Src/sysmem.o
 .group         0x0000000000000000        0xc Src/sysmem.o
 .group         0x0000000000000000        0xc Src/sysmem.o
 .group         0x0000000000000000        0xc Src/sysmem.o
 .group         0x0000000000000000        0xc Src/sysmem.o
 .group         0x0000000000000000        0xc Src/sysmem.o
 .group         0x0000000000000000        0xc Src/sysmem.o
 .group         0x0000000000000000        0xc Src/sysmem.o
 .group         0x0000000000000000        0xc Src/sysmem.o
 .group         0x0000000000000000        0xc Src/sysmem.o
 .group         0x0000000000000000        0xc Src/sysmem.o
 .group         0x0000000000000000        0xc Src/sysmem.o
 .group         0x0000000000000000        0xc Src/sysmem.o
 .group         0x0000000000000000        0xc Src/sysmem.o
 .group         0x0000000000000000        0xc Src/sysmem.o
 .text          0x0000000000000000        0x0 Src/sysmem.o
 .data          0x0000000000000000        0x0 Src/sysmem.o
 .bss           0x0000000000000000        0x0 Src/sysmem.o
 .bss.__sbrk_heap_end
                0x0000000000000000        0x4 Src/sysmem.o
 .text._sbrk    0x0000000000000000       0x6c Src/sysmem.o
 .debug_info    0x0000000000000000      0x985 Src/sysmem.o
 .debug_abbrev  0x0000000000000000      0x19b Src/sysmem.o
 .debug_aranges
                0x0000000000000000       0x20 Src/sysmem.o
 .debug_ranges  0x0000000000000000       0x10 Src/sysmem.o
 .debug_macro   0x0000000000000000       0xee Src/sysmem.o
 .debug_macro   0x0000000000000000      0xa60 Src/sysmem.o
 .debug_macro   0x0000000000000000       0x10 Src/sysmem.o
 .debug_macro   0x0000000000000000       0x22 Src/sysmem.o
 .debug_macro   0x0000000000000000       0x40 Src/sysmem.o
 .debug_macro   0x0000000000000000       0x18 Src/sysmem.o
 .debug_macro   0x0000000000000000       0x94 Src/sysmem.o
 .debug_macro   0x0000000000000000       0x3c Src/sysmem.o
 .debug_macro   0x0000000000000000       0x34 Src/sysmem.o
 .debug_macro   0x0000000000000000      0x174 Src/sysmem.o
 .debug_macro   0x0000000000000000       0x57 Src/sysmem.o
 .debug_macro   0x0000000000000000       0x52 Src/sysmem.o
 .debug_macro   0x0000000000000000       0x1f Src/sysmem.o
 .debug_macro   0x0000000000000000       0x43 Src/sysmem.o
 .debug_macro   0x0000000000000000       0x20 Src/sysmem.o
 .debug_macro   0x0000000000000000      0x1a3 Src/sysmem.o
 .debug_macro   0x0000000000000000      0x23b Src/sysmem.o
 .debug_macro   0x0000000000000000       0xef Src/sysmem.o
 .debug_macro   0x0000000000000000       0x6a Src/sysmem.o
 .debug_macro   0x0000000000000000      0x1df Src/sysmem.o
 .debug_line    0x0000000000000000      0x608 Src/sysmem.o
 .debug_str     0x0000000000000000     0x5f37 Src/sysmem.o
 .comment       0x0000000000000000       0x7c Src/sysmem.o
 .debug_frame   0x0000000000000000       0x34 Src/sysmem.o
 .ARM.attributes
                0x0000000000000000       0x33 Src/sysmem.o
 .text          0x0000000000000000       0x14 Startup/startup_stm32f103c8tx.o
 .data          0x0000000000000000        0x0 Startup/startup_stm32f103c8tx.o
 .bss           0x0000000000000000        0x0 Startup/startup_stm32f103c8tx.o
 .text          0x0000000000000000        0x0 d:/cat reloaded/arm/nti_basem/stm32cubeide/stm32cubeide_1.4.0/stm32cubeide/plugins/com.st.stm32cube.ide.mcu.externaltools.gnu-tools-for-stm32.7-2018-q2-update.win32_1.4.0.202007081208/tools/bin/../lib/gcc/arm-none-eabi/7.3.1/../../../../arm-none-eabi/lib/thumb/v7-m\libc_nano.a(lib_a-errno.o)
 .data          0x0000000000000000        0x0 d:/cat reloaded/arm/nti_basem/stm32cubeide/stm32cubeide_1.4.0/stm32cubeide/plugins/com.st.stm32cube.ide.mcu.externaltools.gnu-tools-for-stm32.7-2018-q2-update.win32_1.4.0.202007081208/tools/bin/../lib/gcc/arm-none-eabi/7.3.1/../../../../arm-none-eabi/lib/thumb/v7-m\libc_nano.a(lib_a-errno.o)
 .bss           0x0000000000000000        0x0 d:/cat reloaded/arm/nti_basem/stm32cubeide/stm32cubeide_1.4.0/stm32cubeide/plugins/com.st.stm32cube.ide.mcu.externaltools.gnu-tools-for-stm32.7-2018-q2-update.win32_1.4.0.202007081208/tools/bin/../lib/gcc/arm-none-eabi/7.3.1/../../../../arm-none-eabi/lib/thumb/v7-m\libc_nano.a(lib_a-errno.o)
 .text.__errno  0x0000000000000000        0xc d:/cat reloaded/arm/nti_basem/stm32cubeide/stm32cubeide_1.4.0/stm32cubeide/plugins/com.st.stm32cube.ide.mcu.externaltools.gnu-tools-for-stm32.7-2018-q2-update.win32_1.4.0.202007081208/tools/bin/../lib/gcc/arm-none-eabi/7.3.1/../../../../arm-none-eabi/lib/thumb/v7-m\libc_nano.a(lib_a-errno.o)
 .debug_frame   0x0000000000000000       0x20 d:/cat reloaded/arm/nti_basem/stm32cubeide/stm32cubeide_1.4.0/stm32cubeide/plugins/com.st.stm32cube.ide.mcu.externaltools.gnu-tools-for-stm32.7-2018-q2-update.win32_1.4.0.202007081208/tools/bin/../lib/gcc/arm-none-eabi/7.3.1/../../../../arm-none-eabi/lib/thumb/v7-m\libc_nano.a(lib_a-errno.o)
 .ARM.attributes
                0x0000000000000000       0x2d d:/cat reloaded/arm/nti_basem/stm32cubeide/stm32cubeide_1.4.0/stm32cubeide/plugins/com.st.stm32cube.ide.mcu.externaltools.gnu-tools-for-stm32.7-2018-q2-update.win32_1.4.0.202007081208/tools/bin/../lib/gcc/arm-none-eabi/7.3.1/../../../../arm-none-eabi/lib/thumb/v7-m\libc_nano.a(lib_a-errno.o)
 .text          0x0000000000000000        0x0 d:/cat reloaded/arm/nti_basem/stm32cubeide/stm32cubeide_1.4.0/stm32cubeide/plugins/com.st.stm32cube.ide.mcu.externaltools.gnu-tools-for-stm32.7-2018-q2-update.win32_1.4.0.202007081208/tools/bin/../lib/gcc/arm-none-eabi/7.3.1/../../../../arm-none-eabi/lib/thumb/v7-m\libc_nano.a(lib_a-exit.o)
 .data          0x0000000000000000        0x0 d:/cat reloaded/arm/nti_basem/stm32cubeide/stm32cubeide_1.4.0/stm32cubeide/plugins/com.st.stm32cube.ide.mcu.externaltools.gnu-tools-for-stm32.7-2018-q2-update.win32_1.4.0.202007081208/tools/bin/../lib/gcc/arm-none-eabi/7.3.1/../../../../arm-none-eabi/lib/thumb/v7-m\libc_nano.a(lib_a-exit.o)
 .bss           0x0000000000000000        0x0 d:/cat reloaded/arm/nti_basem/stm32cubeide/stm32cubeide_1.4.0/stm32cubeide/plugins/com.st.stm32cube.ide.mcu.externaltools.gnu-tools-for-stm32.7-2018-q2-update.win32_1.4.0.202007081208/tools/bin/../lib/gcc/arm-none-eabi/7.3.1/../../../../arm-none-eabi/lib/thumb/v7-m\libc_nano.a(lib_a-exit.o)
 .text.exit     0x0000000000000000       0x28 d:/cat reloaded/arm/nti_basem/stm32cubeide/stm32cubeide_1.4.0/stm32cubeide/plugins/com.st.stm32cube.ide.mcu.externaltools.gnu-tools-for-stm32.7-2018-q2-update.win32_1.4.0.202007081208/tools/bin/../lib/gcc/arm-none-eabi/7.3.1/../../../../arm-none-eabi/lib/thumb/v7-m\libc_nano.a(lib_a-exit.o)
 .debug_frame   0x0000000000000000       0x28 d:/cat reloaded/arm/nti_basem/stm32cubeide/stm32cubeide_1.4.0/stm32cubeide/plugins/com.st.stm32cube.ide.mcu.externaltools.gnu-tools-for-stm32.7-2018-q2-update.win32_1.4.0.202007081208/tools/bin/../lib/gcc/arm-none-eabi/7.3.1/../../../../arm-none-eabi/lib/thumb/v7-m\libc_nano.a(lib_a-exit.o)
 .ARM.attributes
                0x0000000000000000       0x2d d:/cat reloaded/arm/nti_basem/stm32cubeide/stm32cubeide_1.4.0/stm32cubeide/plugins/com.st.stm32cube.ide.mcu.externaltools.gnu-tools-for-stm32.7-2018-q2-update.win32_1.4.0.202007081208/tools/bin/../lib/gcc/arm-none-eabi/7.3.1/../../../../arm-none-eabi/lib/thumb/v7-m\libc_nano.a(lib_a-exit.o)
 .text          0x0000000000000000        0x0 d:/cat reloaded/arm/nti_basem/stm32cubeide/stm32cubeide_1.4.0/stm32cubeide/plugins/com.st.stm32cube.ide.mcu.externaltools.gnu-tools-for-stm32.7-2018-q2-update.win32_1.4.0.202007081208/tools/bin/../lib/gcc/arm-none-eabi/7.3.1/../../../../arm-none-eabi/lib/thumb/v7-m\libc_nano.a(lib_a-impure.o)
 .data          0x0000000000000000        0x0 d:/cat reloaded/arm/nti_basem/stm32cubeide/stm32cubeide_1.4.0/stm32cubeide/plugins/com.st.stm32cube.ide.mcu.externaltools.gnu-tools-for-stm32.7-2018-q2-update.win32_1.4.0.202007081208/tools/bin/../lib/gcc/arm-none-eabi/7.3.1/../../../../arm-none-eabi/lib/thumb/v7-m\libc_nano.a(lib_a-impure.o)
 .bss           0x0000000000000000        0x0 d:/cat reloaded/arm/nti_basem/stm32cubeide/stm32cubeide_1.4.0/stm32cubeide/plugins/com.st.stm32cube.ide.mcu.externaltools.gnu-tools-for-stm32.7-2018-q2-update.win32_1.4.0.202007081208/tools/bin/../lib/gcc/arm-none-eabi/7.3.1/../../../../arm-none-eabi/lib/thumb/v7-m\libc_nano.a(lib_a-impure.o)
 .data._impure_ptr
                0x0000000000000000        0x4 d:/cat reloaded/arm/nti_basem/stm32cubeide/stm32cubeide_1.4.0/stm32cubeide/plugins/com.st.stm32cube.ide.mcu.externaltools.gnu-tools-for-stm32.7-2018-q2-update.win32_1.4.0.202007081208/tools/bin/../lib/gcc/arm-none-eabi/7.3.1/../../../../arm-none-eabi/lib/thumb/v7-m\libc_nano.a(lib_a-impure.o)
 .data.impure_data
                0x0000000000000000       0x60 d:/cat reloaded/arm/nti_basem/stm32cubeide/stm32cubeide_1.4.0/stm32cubeide/plugins/com.st.stm32cube.ide.mcu.externaltools.gnu-tools-for-stm32.7-2018-q2-update.win32_1.4.0.202007081208/tools/bin/../lib/gcc/arm-none-eabi/7.3.1/../../../../arm-none-eabi/lib/thumb/v7-m\libc_nano.a(lib_a-impure.o)
 .rodata._global_impure_ptr
                0x0000000000000000        0x4 d:/cat reloaded/arm/nti_basem/stm32cubeide/stm32cubeide_1.4.0/stm32cubeide/plugins/com.st.stm32cube.ide.mcu.externaltools.gnu-tools-for-stm32.7-2018-q2-update.win32_1.4.0.202007081208/tools/bin/../lib/gcc/arm-none-eabi/7.3.1/../../../../arm-none-eabi/lib/thumb/v7-m\libc_nano.a(lib_a-impure.o)
 .ARM.attributes
                0x0000000000000000       0x2d d:/cat reloaded/arm/nti_basem/stm32cubeide/stm32cubeide_1.4.0/stm32cubeide/plugins/com.st.stm32cube.ide.mcu.externaltools.gnu-tools-for-stm32.7-2018-q2-update.win32_1.4.0.202007081208/tools/bin/../lib/gcc/arm-none-eabi/7.3.1/../../../../arm-none-eabi/lib/thumb/v7-m\libc_nano.a(lib_a-impure.o)
 .text          0x0000000000000000        0x0 d:/cat reloaded/arm/nti_basem/stm32cubeide/stm32cubeide_1.4.0/stm32cubeide/plugins/com.st.stm32cube.ide.mcu.externaltools.gnu-tools-for-stm32.7-2018-q2-update.win32_1.4.0.202007081208/tools/bin/../lib/gcc/arm-none-eabi/7.3.1/../../../../arm-none-eabi/lib/thumb/v7-m\libc_nano.a(lib_a-init.o)
 .data          0x0000000000000000        0x0 d:/cat reloaded/arm/nti_basem/stm32cubeide/stm32cubeide_1.4.0/stm32cubeide/plugins/com.st.stm32cube.ide.mcu.externaltools.gnu-tools-for-stm32.7-2018-q2-update.win32_1.4.0.202007081208/tools/bin/../lib/gcc/arm-none-eabi/7.3.1/../../../../arm-none-eabi/lib/thumb/v7-m\libc_nano.a(lib_a-init.o)
 .bss           0x0000000000000000        0x0 d:/cat reloaded/arm/nti_basem/stm32cubeide/stm32cubeide_1.4.0/stm32cubeide/plugins/com.st.stm32cube.ide.mcu.externaltools.gnu-tools-for-stm32.7-2018-q2-update.win32_1.4.0.202007081208/tools/bin/../lib/gcc/arm-none-eabi/7.3.1/../../../../arm-none-eabi/lib/thumb/v7-m\libc_nano.a(lib_a-init.o)
 .text          0x0000000000000000        0x0 d:/cat reloaded/arm/nti_basem/stm32cubeide/stm32cubeide_1.4.0/stm32cubeide/plugins/com.st.stm32cube.ide.mcu.externaltools.gnu-tools-for-stm32.7-2018-q2-update.win32_1.4.0.202007081208/tools/bin/../lib/gcc/arm-none-eabi/7.3.1/../../../../arm-none-eabi/lib/thumb/v7-m\libc_nano.a(lib_a-memset.o)
 .data          0x0000000000000000        0x0 d:/cat reloaded/arm/nti_basem/stm32cubeide/stm32cubeide_1.4.0/stm32cubeide/plugins/com.st.stm32cube.ide.mcu.externaltools.gnu-tools-for-stm32.7-2018-q2-update.win32_1.4.0.202007081208/tools/bin/../lib/gcc/arm-none-eabi/7.3.1/../../../../arm-none-eabi/lib/thumb/v7-m\libc_nano.a(lib_a-memset.o)
 .bss           0x0000000000000000        0x0 d:/cat reloaded/arm/nti_basem/stm32cubeide/stm32cubeide_1.4.0/stm32cubeide/plugins/com.st.stm32cube.ide.mcu.externaltools.gnu-tools-for-stm32.7-2018-q2-update.win32_1.4.0.202007081208/tools/bin/../lib/gcc/arm-none-eabi/7.3.1/../../../../arm-none-eabi/lib/thumb/v7-m\libc_nano.a(lib_a-memset.o)
 .text.memset   0x0000000000000000       0x10 d:/cat reloaded/arm/nti_basem/stm32cubeide/stm32cubeide_1.4.0/stm32cubeide/plugins/com.st.stm32cube.ide.mcu.externaltools.gnu-tools-for-stm32.7-2018-q2-update.win32_1.4.0.202007081208/tools/bin/../lib/gcc/arm-none-eabi/7.3.1/../../../../arm-none-eabi/lib/thumb/v7-m\libc_nano.a(lib_a-memset.o)
 .debug_frame   0x0000000000000000       0x20 d:/cat reloaded/arm/nti_basem/stm32cubeide/stm32cubeide_1.4.0/stm32cubeide/plugins/com.st.stm32cube.ide.mcu.externaltools.gnu-tools-for-stm32.7-2018-q2-update.win32_1.4.0.202007081208/tools/bin/../lib/gcc/arm-none-eabi/7.3.1/../../../../arm-none-eabi/lib/thumb/v7-m\libc_nano.a(lib_a-memset.o)
 .ARM.attributes
                0x0000000000000000       0x2d d:/cat reloaded/arm/nti_basem/stm32cubeide/stm32cubeide_1.4.0/stm32cubeide/plugins/com.st.stm32cube.ide.mcu.externaltools.gnu-tools-for-stm32.7-2018-q2-update.win32_1.4.0.202007081208/tools/bin/../lib/gcc/arm-none-eabi/7.3.1/../../../../arm-none-eabi/lib/thumb/v7-m\libc_nano.a(lib_a-memset.o)
 .text          0x0000000000000000        0x0 d:/cat reloaded/arm/nti_basem/stm32cubeide/stm32cubeide_1.4.0/stm32cubeide/plugins/com.st.stm32cube.ide.mcu.externaltools.gnu-tools-for-stm32.7-2018-q2-update.win32_1.4.0.202007081208/tools/bin/../lib/gcc/arm-none-eabi/7.3.1/thumb/v7-m/crtend.o
 .data          0x0000000000000000        0x0 d:/cat reloaded/arm/nti_basem/stm32cubeide/stm32cubeide_1.4.0/stm32cubeide/plugins/com.st.stm32cube.ide.mcu.externaltools.gnu-tools-for-stm32.7-2018-q2-update.win32_1.4.0.202007081208/tools/bin/../lib/gcc/arm-none-eabi/7.3.1/thumb/v7-m/crtend.o
 .bss           0x0000000000000000        0x0 d:/cat reloaded/arm/nti_basem/stm32cubeide/stm32cubeide_1.4.0/stm32cubeide/plugins/com.st.stm32cube.ide.mcu.externaltools.gnu-tools-for-stm32.7-2018-q2-update.win32_1.4.0.202007081208/tools/bin/../lib/gcc/arm-none-eabi/7.3.1/thumb/v7-m/crtend.o
 .eh_frame      0x0000000000000000        0x4 d:/cat reloaded/arm/nti_basem/stm32cubeide/stm32cubeide_1.4.0/stm32cubeide/plugins/com.st.stm32cube.ide.mcu.externaltools.gnu-tools-for-stm32.7-2018-q2-update.win32_1.4.0.202007081208/tools/bin/../lib/gcc/arm-none-eabi/7.3.1/thumb/v7-m/crtend.o
 .ARM.attributes
                0x0000000000000000       0x2d d:/cat reloaded/arm/nti_basem/stm32cubeide/stm32cubeide_1.4.0/stm32cubeide/plugins/com.st.stm32cube.ide.mcu.externaltools.gnu-tools-for-stm32.7-2018-q2-update.win32_1.4.0.202007081208/tools/bin/../lib/gcc/arm-none-eabi/7.3.1/thumb/v7-m/crtend.o
 .text          0x0000000000000000        0x0 d:/cat reloaded/arm/nti_basem/stm32cubeide/stm32cubeide_1.4.0/stm32cubeide/plugins/com.st.stm32cube.ide.mcu.externaltools.gnu-tools-for-stm32.7-2018-q2-update.win32_1.4.0.202007081208/tools/bin/../lib/gcc/arm-none-eabi/7.3.1/thumb/v7-m/crtn.o
 .data          0x0000000000000000        0x0 d:/cat reloaded/arm/nti_basem/stm32cubeide/stm32cubeide_1.4.0/stm32cubeide/plugins/com.st.stm32cube.ide.mcu.externaltools.gnu-tools-for-stm32.7-2018-q2-update.win32_1.4.0.202007081208/tools/bin/../lib/gcc/arm-none-eabi/7.3.1/thumb/v7-m/crtn.o
 .bss           0x0000000000000000        0x0 d:/cat reloaded/arm/nti_basem/stm32cubeide/stm32cubeide_1.4.0/stm32cubeide/plugins/com.st.stm32cube.ide.mcu.externaltools.gnu-tools-for-stm32.7-2018-q2-update.win32_1.4.0.202007081208/tools/bin/../lib/gcc/arm-none-eabi/7.3.1/thumb/v7-m/crtn.o

Memory Configuration

Name             Origin             Length             Attributes
RAM              0x0000000020000000 0x0000000000005000 xrw
ROM              0x0000000008000000 0x0000000000010000 xr
*default*        0x0000000000000000 0xffffffffffffffff

Linker script and memory map

LOAD d:/cat reloaded/arm/nti_basem/stm32cubeide/stm32cubeide_1.4.0/stm32cubeide/plugins/com.st.stm32cube.ide.mcu.externaltools.gnu-tools-for-stm32.7-2018-q2-update.win32_1.4.0.202007081208/tools/bin/../lib/gcc/arm-none-eabi/7.3.1/thumb/v7-m/crti.o
LOAD d:/cat reloaded/arm/nti_basem/stm32cubeide/stm32cubeide_1.4.0/stm32cubeide/plugins/com.st.stm32cube.ide.mcu.externaltools.gnu-tools-for-stm32.7-2018-q2-update.win32_1.4.0.202007081208/tools/bin/../lib/gcc/arm-none-eabi/7.3.1/thumb/v7-m/crtbegin.o
LOAD d:/cat reloaded/arm/nti_basem/stm32cubeide/stm32cubeide_1.4.0/stm32cubeide/plugins/com.st.stm32cube.ide.mcu.externaltools.gnu-tools-for-stm32.7-2018-q2-update.win32_1.4.0.202007081208/tools/bin/../lib/gcc/arm-none-eabi/7.3.1/../../../../arm-none-eabi/lib/thumb/v7-m/crt0.o
LOAD Src/EXTI_Program.o
LOAD Src/GPIO_Config.o
LOAD Src/GPIO_Prog.o
LOAD Src/NVIC_Programe.o
LOAD Src/RCC_Prog.o
LOAD Src/STK_prog.o
LOAD Src/main.o
LOAD Src/syscalls.o
LOAD Src/sysmem.o
LOAD Startup/startup_stm32f103c8tx.o
START GROUP
LOAD d:/cat reloaded/arm/nti_basem/stm32cubeide/stm32cubeide_1.4.0/stm32cubeide/plugins/com.st.stm32cube.ide.mcu.externaltools.gnu-tools-for-stm32.7-2018-q2-update.win32_1.4.0.202007081208/tools/bin/../lib/gcc/arm-none-eabi/7.3.1/../../../../arm-none-eabi/lib/thumb/v7-m\libc_nano.a
LOAD d:/cat reloaded/arm/nti_basem/stm32cubeide/stm32cubeide_1.4.0/stm32cubeide/plugins/com.st.stm32cube.ide.mcu.externaltools.gnu-tools-for-stm32.7-2018-q2-update.win32_1.4.0.202007081208/tools/bin/../lib/gcc/arm-none-eabi/7.3.1/../../../../arm-none-eabi/lib/thumb/v7-m\libm.a
END GROUP
START GROUP
LOAD d:/cat reloaded/arm/nti_basem/stm32cubeide/stm32cubeide_1.4.0/stm32cubeide/plugins/com.st.stm32cube.ide.mcu.externaltools.gnu-tools-for-stm32.7-2018-q2-update.win32_1.4.0.202007081208/tools/bin/../lib/gcc/arm-none-eabi/7.3.1/thumb/v7-m\libgcc.a
LOAD d:/cat reloaded/arm/nti_basem/stm32cubeide/stm32cubeide_1.4.0/stm32cubeide/plugins/com.st.stm32cube.ide.mcu.externaltools.gnu-tools-for-stm32.7-2018-q2-update.win32_1.4.0.202007081208/tools/bin/../lib/gcc/arm-none-eabi/7.3.1/../../../../arm-none-eabi/lib/thumb/v7-m\libc_nano.a
END GROUP
START GROUP
LOAD d:/cat reloaded/arm/nti_basem/stm32cubeide/stm32cubeide_1.4.0/stm32cubeide/plugins/com.st.stm32cube.ide.mcu.externaltools.gnu-tools-for-stm32.7-2018-q2-update.win32_1.4.0.202007081208/tools/bin/../lib/gcc/arm-none-eabi/7.3.1/thumb/v7-m\libgcc.a
LOAD d:/cat reloaded/arm/nti_basem/stm32cubeide/stm32cubeide_1.4.0/stm32cubeide/plugins/com.st.stm32cube.ide.mcu.externaltools.gnu-tools-for-stm32.7-2018-q2-update.win32_1.4.0.202007081208/tools/bin/../lib/gcc/arm-none-eabi/7.3.1/../../../../arm-none-eabi/lib/thumb/v7-m\libc_nano.a
LOAD d:/cat reloaded/arm/nti_basem/stm32cubeide/stm32cubeide_1.4.0/stm32cubeide/plugins/com.st.stm32cube.ide.mcu.externaltools.gnu-tools-for-stm32.7-2018-q2-update.win32_1.4.0.202007081208/tools/bin/../lib/gcc/arm-none-eabi/7.3.1/../../../../arm-none-eabi/lib/thumb/v7-m\libnosys.a
END GROUP
START GROUP
LOAD d:/cat reloaded/arm/nti_basem/stm32cubeide/stm32cubeide_1.4.0/stm32cubeide/plugins/com.st.stm32cube.ide.mcu.externaltools.gnu-tools-for-stm32.7-2018-q2-update.win32_1.4.0.202007081208/tools/bin/../lib/gcc/arm-none-eabi/7.3.1/thumb/v7-m\libgcc.a
LOAD d:/cat reloaded/arm/nti_basem/stm32cubeide/stm32cubeide_1.4.0/stm32cubeide/plugins/com.st.stm32cube.ide.mcu.externaltools.gnu-tools-for-stm32.7-2018-q2-update.win32_1.4.0.202007081208/tools/bin/../lib/gcc/arm-none-eabi/7.3.1/../../../../arm-none-eabi/lib/thumb/v7-m\libc_nano.a
LOAD d:/cat reloaded/arm/nti_basem/stm32cubeide/stm32cubeide_1.4.0/stm32cubeide/plugins/com.st.stm32cube.ide.mcu.externaltools.gnu-tools-for-stm32.7-2018-q2-update.win32_1.4.0.202007081208/tools/bin/../lib/gcc/arm-none-eabi/7.3.1/../../../../arm-none-eabi/lib/thumb/v7-m\libnosys.a
END GROUP
LOAD d:/cat reloaded/arm/nti_basem/stm32cubeide/stm32cubeide_1.4.0/stm32cubeide/plugins/com.st.stm32cube.ide.mcu.externaltools.gnu-tools-for-stm32.7-2018-q2-update.win32_1.4.0.202007081208/tools/bin/../lib/gcc/arm-none-eabi/7.3.1/thumb/v7-m/crtend.o
LOAD d:/cat reloaded/arm/nti_basem/stm32cubeide/stm32cubeide_1.4.0/stm32cubeide/plugins/com.st.stm32cube.ide.mcu.externaltools.gnu-tools-for-stm32.7-2018-q2-update.win32_1.4.0.202007081208/tools/bin/../lib/gcc/arm-none-eabi/7.3.1/thumb/v7-m/crtn.o
                0x0000000020005000                _estack = (ORIGIN (RAM) + LENGTH (RAM))
                0x0000000000000200                _Min_Heap_Size = 0x200
                0x0000000000000400                _Min_Stack_Size = 0x400

.isr_vector     0x0000000008000000      0x130
                0x0000000008000000                . = ALIGN (0x4)
 *(.isr_vector)
 .isr_vector    0x0000000008000000      0x130 Startup/startup_stm32f103c8tx.o
                0x0000000008000000                g_pfnVectors
                0x0000000008000130                . = ALIGN (0x4)

.text           0x0000000008000130      0x8b8
                0x0000000008000130                . = ALIGN (0x4)
 *(.text)
 .text          0x0000000008000130       0x40 d:/cat reloaded/arm/nti_basem/stm32cubeide/stm32cubeide_1.4.0/stm32cubeide/plugins/com.st.stm32cube.ide.mcu.externaltools.gnu-tools-for-stm32.7-2018-q2-update.win32_1.4.0.202007081208/tools/bin/../lib/gcc/arm-none-eabi/7.3.1/thumb/v7-m/crtbegin.o
 *(.text*)
 .text.EXTI_enuSetINTStatus
                0x0000000008000170      0x140 Src/EXTI_Program.o
                0x0000000008000170                EXTI_enuSetINTStatus
 .text.EXTI_enuSetCallBackFun
                0x00000000080002b0       0x60 Src/EXTI_Program.o
                0x00000000080002b0                EXTI_enuSetCallBackFun
 .text.EXTI0_IRQHandler
                0x0000000008000310       0x2c Src/EXTI_Program.o
                0x0000000008000310                EXTI0_IRQHandler
 .text.EXTI1_IRQHandler
                0x000000000800033c       0x2c Src/EXTI_Program.o
                0x000000000800033c                EXTI1_IRQHandler
 .text.EXTI2_IRQHandler
                0x0000000008000368       0x2c Src/EXTI_Program.o
                0x0000000008000368                EXTI2_IRQHandler
 .text.EXTI3_IRQHandler
                0x0000000008000394       0x2c Src/EXTI_Program.o
                0x0000000008000394                EXTI3_IRQHandler
 .text.EXTI4_IRQHandler
                0x00000000080003c0       0x2c Src/EXTI_Program.o
                0x00000000080003c0                EXTI4_IRQHandler
 .text.EXTI9_5_IRQHandler
                0x00000000080003ec       0x2c Src/EXTI_Program.o
                0x00000000080003ec                EXTI9_5_IRQHandler
 .text.EXTI15_10_IRQHandler
                0x0000000008000418       0x2c Src/EXTI_Program.o
                0x0000000008000418                EXTI15_10_IRQHandler
 .text.GPIO_enuSetPinMode
                0x0000000008000444      0x190 Src/GPIO_Prog.o
                0x0000000008000444                GPIO_enuSetPinMode
 .text.GPIO_enuTogPinVal
                0x00000000080005d4       0x54 Src/GPIO_Prog.o
                0x00000000080005d4                GPIO_enuTogPinVal
 .text.NVIC_enuEnableINT
                0x0000000008000628       0x94 Src/NVIC_Programe.o
                0x0000000008000628                NVIC_enuEnableINT
 .text.RCC_VidInitSysClk
                0x00000000080006bc       0x5c Src/RCC_Prog.o
                0x00000000080006bc                RCC_VidInitSysClk
 .text.RCC_enuStatePeripheralClk
                0x0000000008000718      0x114 Src/RCC_Prog.o
                0x0000000008000718                RCC_enuStatePeripheralClk
 .text.STK_vidInitSTK
                0x000000000800082c       0x34 Src/STK_prog.o
                0x000000000800082c                STK_vidInitSTK
 .text.SysTick_Handler
                0x0000000008000860       0x5c Src/STK_prog.o
                0x0000000008000860                SysTick_Handler
 .text.tog      0x00000000080008bc       0x14 Src/main.o
                0x00000000080008bc                tog
 .text.main     0x00000000080008d0       0x64 Src/main.o
                0x00000000080008d0                main
 .text.Reset_Handler
                0x0000000008000934       0x50 Startup/startup_stm32f103c8tx.o
                0x0000000008000934                Reset_Handler
 .text.Default_Handler
                0x0000000008000984        0x2 Startup/startup_stm32f103c8tx.o
                0x0000000008000984                TIM8_TRG_COM_IRQHandler
                0x0000000008000984                TIM8_CC_IRQHandler
                0x0000000008000984                DebugMon_Handler
                0x0000000008000984                TIM1_CC_IRQHandler
                0x0000000008000984                HardFault_Handler
                0x0000000008000984                TIM6_IRQHandler
                0x0000000008000984                PVD_IRQHandler
                0x0000000008000984                SDIO_IRQHandler
                0x0000000008000984                PendSV_Handler
                0x0000000008000984                NMI_Handler
                0x0000000008000984                USB_HP_CAN_TX_IRQHandler
                0x0000000008000984                I2C2_EV_IRQHandler
                0x0000000008000984                UsageFault_Handler
                0x0000000008000984                ADC1_2_IRQHandler
                0x0000000008000984                SPI1_IRQHandler
                0x0000000008000984                CAN_SCE_IRQHandler
                0x0000000008000984                TAMPER_IRQHandler
                0x0000000008000984                TIM8_UP_IRQHandler
                0x0000000008000984                DMA2_Channel2_IRQHandler
                0x0000000008000984                DMA1_Channel4_IRQHandler
                0x0000000008000984                USART3_IRQHandler
                0x0000000008000984                RTC_IRQHandler
                0x0000000008000984                DMA1_Channel7_IRQHandler
                0x0000000008000984                UART5_IRQHandler
                0x0000000008000984                ADC3_IRQHandler
                0x0000000008000984                TIM4_IRQHandler
                0x0000000008000984                CAN_RX1_IRQHandler
                0x0000000008000984                DMA2_Channel1_IRQHandler
                0x0000000008000984                I2C1_EV_IRQHandler
                0x0000000008000984                DMA1_Channel6_IRQHandler
                0x0000000008000984                UART4_IRQHandler
                0x0000000008000984                TIM3_IRQHandler
                0x0000000008000984                RCC_IRQHandler
                0x0000000008000984                TIM1_TRG_COM_IRQHandler
                0x0000000008000984                DMA1_Channel1_IRQHandler
                0x0000000008000984                Default_Handler
                0x0000000008000984                TIM7_IRQHandler
                0x0000000008000984                TIM5_IRQHandler
                0x0000000008000984                SPI2_IRQHandler
                0x0000000008000984                USB_LP_CAN_RX0_IRQHandler
                0x0000000008000984                MemManage_Handler
                0x0000000008000984                SVC_Handler
                0x0000000008000984                DMA1_Channel5_IRQHandler
                0x0000000008000984                DMA1_Channel3_IRQHandler
                0x0000000008000984                FSMC_IRQHandler
                0x0000000008000984                TIM1_UP_IRQHandler
                0x0000000008000984                WWDG_IRQHandler
                0x0000000008000984                TIM2_IRQHandler
                0x0000000008000984                TIM1_BRK_IRQHandler
                0x0000000008000984                RTCAlarm_IRQHandler
                0x0000000008000984                DMA2_Channel4_5_IRQHandler
                0x0000000008000984                USART2_IRQHandler
                0x0000000008000984                I2C2_ER_IRQHandler
                0x0000000008000984                DMA1_Channel2_IRQHandler
                0x0000000008000984                TIM8_BRK_IRQHandler
                0x0000000008000984                FLASH_IRQHandler
                0x0000000008000984                BusFault_Handler
                0x0000000008000984                USART1_IRQHandler
                0x0000000008000984                SPI3_IRQHandler
                0x0000000008000984                I2C1_ER_IRQHandler
                0x0000000008000984                DMA2_Channel3_IRQHandler
 *fill*         0x0000000008000986        0x2 
 .text.__libc_init_array
                0x0000000008000988       0x48 d:/cat reloaded/arm/nti_basem/stm32cubeide/stm32cubeide_1.4.0/stm32cubeide/plugins/com.st.stm32cube.ide.mcu.externaltools.gnu-tools-for-stm32.7-2018-q2-update.win32_1.4.0.202007081208/tools/bin/../lib/gcc/arm-none-eabi/7.3.1/../../../../arm-none-eabi/lib/thumb/v7-m\libc_nano.a(lib_a-init.o)
                0x0000000008000988                __libc_init_array
 *(.glue_7)
 .glue_7        0x00000000080009d0        0x0 linker stubs
 *(.glue_7t)
 .glue_7t       0x00000000080009d0        0x0 linker stubs
 *(.eh_frame)
 .eh_frame      0x00000000080009d0        0x0 d:/cat reloaded/arm/nti_basem/stm32cubeide/stm32cubeide_1.4.0/stm32cubeide/plugins/com.st.stm32cube.ide.mcu.externaltools.gnu-tools-for-stm32.7-2018-q2-update.win32_1.4.0.202007081208/tools/bin/../lib/gcc/arm-none-eabi/7.3.1/thumb/v7-m/crtbegin.o
 *(.init)
 .init          0x00000000080009d0        0x4 d:/cat reloaded/arm/nti_basem/stm32cubeide/stm32cubeide_1.4.0/stm32cubeide/plugins/com.st.stm32cube.ide.mcu.externaltools.gnu-tools-for-stm32.7-2018-q2-update.win32_1.4.0.202007081208/tools/bin/../lib/gcc/arm-none-eabi/7.3.1/thumb/v7-m/crti.o
                0x00000000080009d0                _init
 .init          0x00000000080009d4        0x8 d:/cat reloaded/arm/nti_basem/stm32cubeide/stm32cubeide_1.4.0/stm32cubeide/plugins/com.st.stm32cube.ide.mcu.externaltools.gnu-tools-for-stm32.7-2018-q2-update.win32_1.4.0.202007081208/tools/bin/../lib/gcc/arm-none-eabi/7.3.1/thumb/v7-m/crtn.o
 *(.fini)
 .fini          0x00000000080009dc        0x4 d:/cat reloaded/arm/nti_basem/stm32cubeide/stm32cubeide_1.4.0/stm32cubeide/plugins/com.st.stm32cube.ide.mcu.externaltools.gnu-tools-for-stm32.7-2018-q2-update.win32_1.4.0.202007081208/tools/bin/../lib/gcc/arm-none-eabi/7.3.1/thumb/v7-m/crti.o
                0x00000000080009dc                _fini
 .fini          0x00000000080009e0        0x8 d:/cat reloaded/arm/nti_basem/stm32cubeide/stm32cubeide_1.4.0/stm32cubeide/plugins/com.st.stm32cube.ide.mcu.externaltools.gnu-tools-for-stm32.7-2018-q2-update.win32_1.4.0.202007081208/tools/bin/../lib/gcc/arm-none-eabi/7.3.1/thumb/v7-m/crtn.o
                0x00000000080009e8                . = ALIGN (0x4)
                0x00000000080009e8                _etext = .

.vfp11_veneer   0x00000000080009e8        0x0
 .vfp11_veneer  0x00000000080009e8        0x0 linker stubs

.v4_bx          0x00000000080009e8        0x0
 .v4_bx         0x00000000080009e8        0x0 linker stubs

.iplt           0x00000000080009e8        0x0
 .iplt          0x00000000080009e8        0x0 d:/cat reloaded/arm/nti_basem/stm32cubeide/stm32cubeide_1.4.0/stm32cubeide/plugins/com.st.stm32cube.ide.mcu.externaltools.gnu-tools-for-stm32.7-2018-q2-update.win32_1.4.0.202007081208/tools/bin/../lib/gcc/arm-none-eabi/7.3.1/thumb/v7-m/crtbegin.o

.rodata         0x00000000080009e8        0x4
                0x00000000080009e8                . = ALIGN (0x4)
 *(.rodata)
 .rodata        0x00000000080009e8        0x3 Src/main.o
 *(.rodata*)
                0x00000000080009ec                . = ALIGN (0x4)
 *fill*         0x00000000080009eb        0x1 

.rel.dyn        0x00000000080009ec        0x0
 .rel.iplt      0x00000000080009ec        0x0 d:/cat reloaded/arm/nti_basem/stm32cubeide/stm32cubeide_1.4.0/stm32cubeide/plugins/com.st.stm32cube.ide.mcu.externaltools.gnu-tools-for-stm32.7-2018-q2-update.win32_1.4.0.202007081208/tools/bin/../lib/gcc/arm-none-eabi/7.3.1/thumb/v7-m/crtbegin.o

.ARM.extab      0x00000000080009ec        0x0
                0x00000000080009ec                . = ALIGN (0x4)
 *(.ARM.extab* .gnu.linkonce.armextab.*)
                0x00000000080009ec                . = ALIGN (0x4)

.ARM            0x00000000080009ec        0x0
                0x00000000080009ec                . = ALIGN (0x4)
                0x00000000080009ec                __exidx_start = .
 *(.ARM.exidx*)
                0x00000000080009ec                __exidx_end = .
                0x00000000080009ec                . = ALIGN (0x4)

.preinit_array  0x00000000080009ec        0x0
                0x00000000080009ec                . = ALIGN (0x4)
                0x00000000080009ec                PROVIDE (__preinit_array_start = .)
 *(.preinit_array*)
                0x00000000080009ec                PROVIDE (__preinit_array_end = .)
                0x00000000080009ec                . = ALIGN (0x4)

.init_array     0x00000000080009ec        0x4
                0x00000000080009ec                . = ALIGN (0x4)
                0x00000000080009ec                PROVIDE (__init_array_start = .)
 *(SORT_BY_NAME(.init_array.*))
 *(.init_array*)
 .init_array    0x00000000080009ec        0x4 d:/cat reloaded/arm/nti_basem/stm32cubeide/stm32cubeide_1.4.0/stm32cubeide/plugins/com.st.stm32cube.ide.mcu.externaltools.gnu-tools-for-stm32.7-2018-q2-update.win32_1.4.0.202007081208/tools/bin/../lib/gcc/arm-none-eabi/7.3.1/thumb/v7-m/crtbegin.o
                0x00000000080009f0                PROVIDE (__init_array_end = .)
                0x00000000080009f0                . = ALIGN (0x4)

.fini_array     0x00000000080009f0        0x4
                0x00000000080009f0                . = ALIGN (0x4)
                [!provide]                        PROVIDE (__fini_array_start = .)
 *(SORT_BY_NAME(.fini_array.*))
 *(.fini_array*)
 .fini_array    0x00000000080009f0        0x4 d:/cat reloaded/arm/nti_basem/stm32cubeide/stm32cubeide_1.4.0/stm32cubeide/plugins/com.st.stm32cube.ide.mcu.externaltools.gnu-tools-for-stm32.7-2018-q2-update.win32_1.4.0.202007081208/tools/bin/../lib/gcc/arm-none-eabi/7.3.1/thumb/v7-m/crtbegin.o
                [!provide]                        PROVIDE (__fini_array_end = .)
                0x00000000080009f4                . = ALIGN (0x4)
                0x00000000080009f4                _sidata = LOADADDR (.data)

.data           0x0000000020000000       0x14 load address 0x00000000080009f4
                0x0000000020000000                . = ALIGN (0x4)
                0x0000000020000000                _sdata = .
 *(.data)
 *(.data*)
 .data.Private_AptrTostrOfGPIOx
                0x0000000020000000        0xc Src/GPIO_Prog.o
 .data.PC13     0x000000002000000c        0x3 Src/main.o
                0x000000002000000c                PC13
 *fill*         0x000000002000000f        0x1 
 .data.PA0      0x0000000020000010        0x3 Src/main.o
                0x0000000020000010                PA0
                0x0000000020000014                . = ALIGN (0x4)
 *fill*         0x0000000020000013        0x1 
                0x0000000020000014                _edata = .

.igot.plt       0x0000000020000014        0x0 load address 0x0000000008000a08
 .igot.plt      0x0000000020000014        0x0 d:/cat reloaded/arm/nti_basem/stm32cubeide/stm32cubeide_1.4.0/stm32cubeide/plugins/com.st.stm32cube.ide.mcu.externaltools.gnu-tools-for-stm32.7-2018-q2-update.win32_1.4.0.202007081208/tools/bin/../lib/gcc/arm-none-eabi/7.3.1/thumb/v7-m/crtbegin.o
                0x0000000020000014                . = ALIGN (0x4)

.bss            0x0000000020000014       0x40 load address 0x0000000008000a08
                0x0000000020000014                _sbss = .
                0x0000000020000014                __bss_start__ = _sbss
 *(.bss)
 .bss           0x0000000020000014       0x1c d:/cat reloaded/arm/nti_basem/stm32cubeide/stm32cubeide_1.4.0/stm32cubeide/plugins/com.st.stm32cube.ide.mcu.externaltools.gnu-tools-for-stm32.7-2018-q2-update.win32_1.4.0.202007081208/tools/bin/../lib/gcc/arm-none-eabi/7.3.1/thumb/v7-m/crtbegin.o
 *(.bss*)
 .bss.EXTI_AVidPtr2Fun
                0x0000000020000030       0x1c Src/EXTI_Program.o
 .bss.GlobalP2FUN
                0x000000002000004c        0x4 Src/STK_prog.o
 .bss.Global_u8ASynchtype
                0x0000000020000050        0x1 Src/STK_prog.o
 *(COMMON)
                0x0000000020000054                . = ALIGN (0x4)
 *fill*         0x0000000020000051        0x3 
                0x0000000020000054                _ebss = .
                0x0000000020000054                __bss_end__ = _ebss

._user_heap_stack
                0x0000000020000054      0x604 load address 0x0000000008000a08
                0x0000000020000058                . = ALIGN (0x8)
 *fill*         0x0000000020000054        0x4 
                [!provide]                        PROVIDE (end = .)
                0x0000000020000058                PROVIDE (_end = .)
                0x0000000020000258                . = (. + _Min_Heap_Size)
 *fill*         0x0000000020000058      0x200 
                0x0000000020000658                . = (. + _Min_Stack_Size)
 *fill*         0x0000000020000258      0x400 
                0x0000000020000658                . = ALIGN (0x8)

/DISCARD/
 libc.a(*)
 libm.a(*)
 libgcc.a(*)

.ARM.attributes
                0x0000000000000000       0x29
 *(.ARM.attributes)
 .ARM.attributes
                0x0000000000000000       0x1d d:/cat reloaded/arm/nti_basem/stm32cubeide/stm32cubeide_1.4.0/stm32cubeide/plugins/com.st.stm32cube.ide.mcu.externaltools.gnu-tools-for-stm32.7-2018-q2-update.win32_1.4.0.202007081208/tools/bin/../lib/gcc/arm-none-eabi/7.3.1/thumb/v7-m/crti.o
 .ARM.attributes
                0x000000000000001d       0x2d d:/cat reloaded/arm/nti_basem/stm32cubeide/stm32cubeide_1.4.0/stm32cubeide/plugins/com.st.stm32cube.ide.mcu.externaltools.gnu-tools-for-stm32.7-2018-q2-update.win32_1.4.0.202007081208/tools/bin/../lib/gcc/arm-none-eabi/7.3.1/thumb/v7-m/crtbegin.o
 .ARM.attributes
                0x000000000000004a       0x33 Src/EXTI_Program.o
 .ARM.attributes
                0x000000000000007d       0x33 Src/GPIO_Prog.o
 .ARM.attributes
                0x00000000000000b0       0x33 Src/NVIC_Programe.o
 .ARM.attributes
                0x00000000000000e3       0x33 Src/RCC_Prog.o
 .ARM.attributes
                0x0000000000000116       0x33 Src/STK_prog.o
 .ARM.attributes
                0x0000000000000149       0x33 Src/main.o
 .ARM.attributes
                0x000000000000017c       0x21 Startup/startup_stm32f103c8tx.o
 .ARM.attributes
                0x000000000000019d       0x2d d:/cat reloaded/arm/nti_basem/stm32cubeide/stm32cubeide_1.4.0/stm32cubeide/plugins/com.st.stm32cube.ide.mcu.externaltools.gnu-tools-for-stm32.7-2018-q2-update.win32_1.4.0.202007081208/tools/bin/../lib/gcc/arm-none-eabi/7.3.1/../../../../arm-none-eabi/lib/thumb/v7-m\libc_nano.a(lib_a-init.o)
 .ARM.attributes
                0x00000000000001ca       0x1d d:/cat reloaded/arm/nti_basem/stm32cubeide/stm32cubeide_1.4.0/stm32cubeide/plugins/com.st.stm32cube.ide.mcu.externaltools.gnu-tools-for-stm32.7-2018-q2-update.win32_1.4.0.202007081208/tools/bin/../lib/gcc/arm-none-eabi/7.3.1/thumb/v7-m/crtn.o
OUTPUT(EXTI_V1.elf elf32-littlearm)

.debug_info     0x0000000000000000     0x1376
 .debug_info    0x0000000000000000      0x436 Src/EXTI_Program.o
 .debug_info    0x0000000000000436      0x3d9 Src/GPIO_Prog.o
 .debug_info    0x000000000000080f      0x2bd Src/NVIC_Programe.o
 .debug_info    0x0000000000000acc      0x2d6 Src/RCC_Prog.o
 .debug_info    0x0000000000000da2      0x2a7 Src/STK_prog.o
 .debug_info    0x0000000000001049      0x30b Src/main.o
 .debug_info    0x0000000000001354       0x22 Startup/startup_stm32f103c8tx.o

.debug_abbrev   0x0000000000000000      0x60b
 .debug_abbrev  0x0000000000000000      0x103 Src/EXTI_Program.o
 .debug_abbrev  0x0000000000000103       0xfe Src/GPIO_Prog.o
 .debug_abbrev  0x0000000000000201      0x106 Src/NVIC_Programe.o
 .debug_abbrev  0x0000000000000307      0x114 Src/RCC_Prog.o
 .debug_abbrev  0x000000000000041b      0x102 Src/STK_prog.o
 .debug_abbrev  0x000000000000051d       0xdc Src/main.o
 .debug_abbrev  0x00000000000005f9       0x12 Startup/startup_stm32f103c8tx.o

.debug_aranges  0x0000000000000000      0x200
 .debug_aranges
                0x0000000000000000       0x88 Src/EXTI_Program.o
 .debug_aranges
                0x0000000000000088       0x38 Src/GPIO_Prog.o
 .debug_aranges
                0x00000000000000c0       0x48 Src/NVIC_Programe.o
 .debug_aranges
                0x0000000000000108       0x50 Src/RCC_Prog.o
 .debug_aranges
                0x0000000000000158       0x58 Src/STK_prog.o
 .debug_aranges
                0x00000000000001b0       0x28 Src/main.o
 .debug_aranges
                0x00000000000001d8       0x28 Startup/startup_stm32f103c8tx.o

.debug_ranges   0x0000000000000000      0x198
 .debug_ranges  0x0000000000000000       0x78 Src/EXTI_Program.o
 .debug_ranges  0x0000000000000078       0x28 Src/GPIO_Prog.o
 .debug_ranges  0x00000000000000a0       0x38 Src/NVIC_Programe.o
 .debug_ranges  0x00000000000000d8       0x40 Src/RCC_Prog.o
 .debug_ranges  0x0000000000000118       0x48 Src/STK_prog.o
 .debug_ranges  0x0000000000000160       0x18 Src/main.o
 .debug_ranges  0x0000000000000178       0x20 Startup/startup_stm32f103c8tx.o

.debug_macro    0x0000000000000000     0x11f8
 .debug_macro   0x0000000000000000       0x56 Src/EXTI_Program.o
 .debug_macro   0x0000000000000056      0xa60 Src/EXTI_Program.o
 .debug_macro   0x0000000000000ab6       0x10 Src/EXTI_Program.o
 .debug_macro   0x0000000000000ac6       0x2e Src/EXTI_Program.o
 .debug_macro   0x0000000000000af4       0x64 Src/EXTI_Program.o
 .debug_macro   0x0000000000000b58       0x54 Src/GPIO_Prog.o
 .debug_macro   0x0000000000000bac       0x53 Src/NVIC_Programe.o
 .debug_macro   0x0000000000000bff      0x18a Src/NVIC_Programe.o
 .debug_macro   0x0000000000000d89       0x5b Src/RCC_Prog.o
 .debug_macro   0x0000000000000de4      0x175 Src/RCC_Prog.o
 .debug_macro   0x0000000000000f59       0x22 Src/RCC_Prog.o
 .debug_macro   0x0000000000000f7b      0x178 Src/RCC_Prog.o
 .debug_macro   0x00000000000010f3       0x52 Src/STK_prog.o
 .debug_macro   0x0000000000001145       0x3a Src/STK_prog.o
 .debug_macro   0x000000000000117f       0x10 Src/STK_prog.o
 .debug_macro   0x000000000000118f       0x69 Src/main.o

.debug_line     0x0000000000000000      0xa40
 .debug_line    0x0000000000000000      0x1e9 Src/EXTI_Program.o
 .debug_line    0x00000000000001e9      0x17a Src/GPIO_Prog.o
 .debug_line    0x0000000000000363      0x1b6 Src/NVIC_Programe.o
 .debug_line    0x0000000000000519      0x207 Src/RCC_Prog.o
 .debug_line    0x0000000000000720      0x186 Src/STK_prog.o
 .debug_line    0x00000000000008a6      0x116 Src/main.o
 .debug_line    0x00000000000009bc       0x84 Startup/startup_stm32f103c8tx.o

.debug_str      0x0000000000000000     0x44a3
 .debug_str     0x0000000000000000     0x339c Src/EXTI_Program.o
                                       0x3402 (size before relaxing)
 .debug_str     0x000000000000339c      0x3ff Src/GPIO_Prog.o
                                       0x3534 (size before relaxing)
 .debug_str     0x000000000000379b      0x4dd Src/NVIC_Programe.o
                                       0x360a (size before relaxing)
 .debug_str     0x0000000000003c78      0x58f Src/RCC_Prog.o
                                       0x3772 (size before relaxing)
 .debug_str     0x0000000000004207      0x244 Src/STK_prog.o
                                       0x3371 (size before relaxing)
 .debug_str     0x000000000000444b       0x27 Src/main.o
                                       0x397f (size before relaxing)
 .debug_str     0x0000000000004472       0x31 Startup/startup_stm32f103c8tx.o
                                         0x64 (size before relaxing)

.comment        0x0000000000000000       0x7b
 .comment       0x0000000000000000       0x7b Src/EXTI_Program.o
                                         0x7c (size before relaxing)
 .comment       0x000000000000007b       0x7c Src/GPIO_Prog.o
 .comment       0x000000000000007b       0x7c Src/NVIC_Programe.o
 .comment       0x000000000000007b       0x7c Src/RCC_Prog.o
 .comment       0x000000000000007b       0x7c Src/STK_prog.o
 .comment       0x000000000000007b       0x7c Src/main.o

.debug_frame    0x0000000000000000      0x670
 .debug_frame   0x0000000000000000      0x1ec Src/EXTI_Program.o
 .debug_frame   0x00000000000001ec       0xb0 Src/GPIO_Prog.o
 .debug_frame   0x000000000000029c      0x100 Src/NVIC_Programe.o
 .debug_frame   0x000000000000039c      0x120 Src/RCC_Prog.o
 .debug_frame   0x00000000000004bc      0x13c Src/STK_prog.o
 .debug_frame   0x00000000000005f8       0x4c Src/main.o
 .debug_frame   0x0000000000000644       0x2c d:/cat reloaded/arm/nti_basem/stm32cubeide/stm32cubeide_1.4.0/stm32cubeide/plugins/com.st.stm32cube.ide.mcu.externaltools.gnu-tools-for-stm32.7-2018-q2-update.win32_1.4.0.202007081208/tools/bin/../lib/gcc/arm-none-eabi/7.3.1/../../../../arm-none-eabi/lib/thumb/v7-m\libc_nano.a(lib_a-init.o)
