Archive member included to satisfy reference by file (symbol)

d:/cat reloaded/arm/nti_basem/stm32cubeide/stm32cubeide_1.4.0/stm32cubeide/plugins/com.st.stm32cube.ide.mcu.externaltools.gnu-tools-for-stm32.7-2018-q2-update.win32_1.4.0.202007081208/tools/bin/../lib/gcc/arm-none-eabi/7.3.1/../../../../arm-none-eabi/lib/thumb/v7-m\libc_nano.a(lib_a-errno.o)
                              Src/syscalls.o (__errno)
d:/cat reloaded/arm/nti_basem/stm32cubeide/stm32cubeide_1.4.0/stm32cubeide/plugins/com.st.stm32cube.ide.mcu.externaltools.gnu-tools-for-stm32.7-2018-q2-update.win32_1.4.0.202007081208/tools/bin/../lib/gcc/arm-none-eabi/7.3.1/../../../../arm-none-eabi/lib/thumb/v7-m\libc_nano.a(lib_a-exit.o)
                              d:/cat reloaded/arm/nti_basem/stm32cubeide/stm32cubeide_1.4.0/stm32cubeide/plugins/com.st.stm32cube.ide.mcu.externaltools.gnu-tools-for-stm32.7-2018-q2-update.win32_1.4.0.202007081208/tools/bin/../lib/gcc/arm-none-eabi/7.3.1/../../../../arm-none-eabi/lib/thumb/v7-m/crt0.o (exit)
d:/cat reloaded/arm/nti_basem/stm32cubeide/stm32cubeide_1.4.0/stm32cubeide/plugins/com.st.stm32cube.ide.mcu.externaltools.gnu-tools-for-stm32.7-2018-q2-update.win32_1.4.0.202007081208/tools/bin/../lib/gcc/arm-none-eabi/7.3.1/../../../../arm-none-eabi/lib/thumb/v7-m\libc_nano.a(lib_a-impure.o)
                              d:/cat reloaded/arm/nti_basem/stm32cubeide/stm32cubeide_1.4.0/stm32cubeide/plugins/com.st.stm32cube.ide.mcu.externaltools.gnu-tools-for-stm32.7-2018-q2-update.win32_1.4.0.202007081208/tools/bin/../lib/gcc/arm-none-eabi/7.3.1/../../../../arm-none-eabi/lib/thumb/v7-m\libc_nano.a(lib_a-exit.o) (_global_impure_ptr)
d:/cat reloaded/arm/nti_basem/stm32cubeide/stm32cubeide_1.4.0/stm32cubeide/plugins/com.st.stm32cube.ide.mcu.externaltools.gnu-tools-for-stm32.7-2018-q2-update.win32_1.4.0.202007081208/tools/bin/../lib/gcc/arm-none-eabi/7.3.1/../../../../arm-none-eabi/lib/thumb/v7-m\libc_nano.a(lib_a-init.o)
                              d:/cat reloaded/arm/nti_basem/stm32cubeide/stm32cubeide_1.4.0/stm32cubeide/plugins/com.st.stm32cube.ide.mcu.externaltools.gnu-tools-for-stm32.7-2018-q2-update.win32_1.4.0.202007081208/tools/bin/../lib/gcc/arm-none-eabi/7.3.1/../../../../arm-none-eabi/lib/thumb/v7-m/crt0.o (__libc_init_array)
d:/cat reloaded/arm/nti_basem/stm32cubeide/stm32cubeide_1.4.0/stm32cubeide/plugins/com.st.stm32cube.ide.mcu.externaltools.gnu-tools-for-stm32.7-2018-q2-update.win32_1.4.0.202007081208/tools/bin/../lib/gcc/arm-none-eabi/7.3.1/../../../../arm-none-eabi/lib/thumb/v7-m\libc_nano.a(lib_a-memset.o)
                              d:/cat reloaded/arm/nti_basem/stm32cubeide/stm32cubeide_1.4.0/stm32cubeide/plugins/com.st.stm32cube.ide.mcu.externaltools.gnu-tools-for-stm32.7-2018-q2-update.win32_1.4.0.202007081208/tools/bin/../lib/gcc/arm-none-eabi/7.3.1/../../../../arm-none-eabi/lib/thumb/v7-m/crt0.o (memset)
d:/cat reloaded/arm/nti_basem/stm32cubeide/stm32cubeide_1.4.0/stm32cubeide/plugins/com.st.stm32cube.ide.mcu.externaltools.gnu-tools-for-stm32.7-2018-q2-update.win32_1.4.0.202007081208/tools/bin/../lib/gcc/arm-none-eabi/7.3.1/thumb/v7-m\libgcc.a(_arm_addsubdf3.o)
                              Src/TIM18_Program.o (__aeabi_i2d)
d:/cat reloaded/arm/nti_basem/stm32cubeide/stm32cubeide_1.4.0/stm32cubeide/plugins/com.st.stm32cube.ide.mcu.externaltools.gnu-tools-for-stm32.7-2018-q2-update.win32_1.4.0.202007081208/tools/bin/../lib/gcc/arm-none-eabi/7.3.1/thumb/v7-m\libgcc.a(_arm_muldivdf3.o)
                              Src/TIM18_Program.o (__aeabi_dmul)
d:/cat reloaded/arm/nti_basem/stm32cubeide/stm32cubeide_1.4.0/stm32cubeide/plugins/com.st.stm32cube.ide.mcu.externaltools.gnu-tools-for-stm32.7-2018-q2-update.win32_1.4.0.202007081208/tools/bin/../lib/gcc/arm-none-eabi/7.3.1/thumb/v7-m\libgcc.a(_arm_fixunsdfsi.o)
                              Src/TIM18_Program.o (__aeabi_d2uiz)
d:/cat reloaded/arm/nti_basem/stm32cubeide/stm32cubeide_1.4.0/stm32cubeide/plugins/com.st.stm32cube.ide.mcu.externaltools.gnu-tools-for-stm32.7-2018-q2-update.win32_1.4.0.202007081208/tools/bin/../lib/gcc/arm-none-eabi/7.3.1/thumb/v7-m\libgcc.a(_arm_addsubsf3.o)
                              Src/TIM18_Program.o (__aeabi_fsub)
d:/cat reloaded/arm/nti_basem/stm32cubeide/stm32cubeide_1.4.0/stm32cubeide/plugins/com.st.stm32cube.ide.mcu.externaltools.gnu-tools-for-stm32.7-2018-q2-update.win32_1.4.0.202007081208/tools/bin/../lib/gcc/arm-none-eabi/7.3.1/thumb/v7-m\libgcc.a(_arm_muldivsf3.o)
                              Src/ADC_Programe.o (__aeabi_fmul)
d:/cat reloaded/arm/nti_basem/stm32cubeide/stm32cubeide_1.4.0/stm32cubeide/plugins/com.st.stm32cube.ide.mcu.externaltools.gnu-tools-for-stm32.7-2018-q2-update.win32_1.4.0.202007081208/tools/bin/../lib/gcc/arm-none-eabi/7.3.1/thumb/v7-m\libgcc.a(_arm_cmpsf2.o)
                              Src/TIM18_Program.o (__aeabi_fcmpeq)
d:/cat reloaded/arm/nti_basem/stm32cubeide/stm32cubeide_1.4.0/stm32cubeide/plugins/com.st.stm32cube.ide.mcu.externaltools.gnu-tools-for-stm32.7-2018-q2-update.win32_1.4.0.202007081208/tools/bin/../lib/gcc/arm-none-eabi/7.3.1/thumb/v7-m\libgcc.a(_arm_fixunssfsi.o)
                              Src/ADC_Programe.o (__aeabi_f2uiz)

Discarded input sections

 .text          0x0000000000000000        0x0 d:/cat reloaded/arm/nti_basem/stm32cubeide/stm32cubeide_1.4.0/stm32cubeide/plugins/com.st.stm32cube.ide.mcu.externaltools.gnu-tools-for-stm32.7-2018-q2-update.win32_1.4.0.202007081208/tools/bin/../lib/gcc/arm-none-eabi/7.3.1/thumb/v7-m/crti.o
 .data          0x0000000000000000        0x0 d:/cat reloaded/arm/nti_basem/stm32cubeide/stm32cubeide_1.4.0/stm32cubeide/plugins/com.st.stm32cube.ide.mcu.externaltools.gnu-tools-for-stm32.7-2018-q2-update.win32_1.4.0.202007081208/tools/bin/../lib/gcc/arm-none-eabi/7.3.1/thumb/v7-m/crti.o
 .bss           0x0000000000000000        0x0 d:/cat reloaded/arm/nti_basem/stm32cubeide/stm32cubeide_1.4.0/stm32cubeide/plugins/com.st.stm32cube.ide.mcu.externaltools.gnu-tools-for-stm32.7-2018-q2-update.win32_1.4.0.202007081208/tools/bin/../lib/gcc/arm-none-eabi/7.3.1/thumb/v7-m/crti.o
 .data          0x0000000000000000        0x4 d:/cat reloaded/arm/nti_basem/stm32cubeide/stm32cubeide_1.4.0/stm32cubeide/plugins/com.st.stm32cube.ide.mcu.externaltools.gnu-tools-for-stm32.7-2018-q2-update.win32_1.4.0.202007081208/tools/bin/../lib/gcc/arm-none-eabi/7.3.1/thumb/v7-m/crtbegin.o
 .text          0x0000000000000000       0x74 d:/cat reloaded/arm/nti_basem/stm32cubeide/stm32cubeide_1.4.0/stm32cubeide/plugins/com.st.stm32cube.ide.mcu.externaltools.gnu-tools-for-stm32.7-2018-q2-update.win32_1.4.0.202007081208/tools/bin/../lib/gcc/arm-none-eabi/7.3.1/../../../../arm-none-eabi/lib/thumb/v7-m/crt0.o
 .data          0x0000000000000000        0x0 d:/cat reloaded/arm/nti_basem/stm32cubeide/stm32cubeide_1.4.0/stm32cubeide/plugins/com.st.stm32cube.ide.mcu.externaltools.gnu-tools-for-stm32.7-2018-q2-update.win32_1.4.0.202007081208/tools/bin/../lib/gcc/arm-none-eabi/7.3.1/../../../../arm-none-eabi/lib/thumb/v7-m/crt0.o
 .bss           0x0000000000000000        0x0 d:/cat reloaded/arm/nti_basem/stm32cubeide/stm32cubeide_1.4.0/stm32cubeide/plugins/com.st.stm32cube.ide.mcu.externaltools.gnu-tools-for-stm32.7-2018-q2-update.win32_1.4.0.202007081208/tools/bin/../lib/gcc/arm-none-eabi/7.3.1/../../../../arm-none-eabi/lib/thumb/v7-m/crt0.o
 .ARM.extab     0x0000000000000000        0x0 d:/cat reloaded/arm/nti_basem/stm32cubeide/stm32cubeide_1.4.0/stm32cubeide/plugins/com.st.stm32cube.ide.mcu.externaltools.gnu-tools-for-stm32.7-2018-q2-update.win32_1.4.0.202007081208/tools/bin/../lib/gcc/arm-none-eabi/7.3.1/../../../../arm-none-eabi/lib/thumb/v7-m/crt0.o
 .ARM.exidx     0x0000000000000000        0x8 d:/cat reloaded/arm/nti_basem/stm32cubeide/stm32cubeide_1.4.0/stm32cubeide/plugins/com.st.stm32cube.ide.mcu.externaltools.gnu-tools-for-stm32.7-2018-q2-update.win32_1.4.0.202007081208/tools/bin/../lib/gcc/arm-none-eabi/7.3.1/../../../../arm-none-eabi/lib/thumb/v7-m/crt0.o
 .ARM.attributes
                0x0000000000000000       0x1b d:/cat reloaded/arm/nti_basem/stm32cubeide/stm32cubeide_1.4.0/stm32cubeide/plugins/com.st.stm32cube.ide.mcu.externaltools.gnu-tools-for-stm32.7-2018-q2-update.win32_1.4.0.202007081208/tools/bin/../lib/gcc/arm-none-eabi/7.3.1/../../../../arm-none-eabi/lib/thumb/v7-m/crt0.o
 .group         0x0000000000000000        0xc Src/ADC_Config.o
 .group         0x0000000000000000        0xc Src/ADC_Config.o
 .group         0x0000000000000000        0xc Src/ADC_Config.o
 .group         0x0000000000000000        0xc Src/ADC_Config.o
 .text          0x0000000000000000        0x0 Src/ADC_Config.o
 .data          0x0000000000000000        0x0 Src/ADC_Config.o
 .bss           0x0000000000000000        0x0 Src/ADC_Config.o
 .group         0x0000000000000000        0xc Src/ADC_Programe.o
 .group         0x0000000000000000        0xc Src/ADC_Programe.o
 .group         0x0000000000000000        0xc Src/ADC_Programe.o
 .group         0x0000000000000000        0xc Src/ADC_Programe.o
 .group         0x0000000000000000        0xc Src/ADC_Programe.o
 .text          0x0000000000000000        0x0 Src/ADC_Programe.o
 .data          0x0000000000000000        0x0 Src/ADC_Programe.o
 .bss           0x0000000000000000        0x0 Src/ADC_Programe.o
 .text.ADC1_enuStartRegularConversionWithPolling
                0x0000000000000000       0xdc Src/ADC_Programe.o
 .text.ADC1_enuStartRegularConversionWithINT
                0x0000000000000000       0x8c Src/ADC_Programe.o
 .text.ADC1_enuConfigInjectedChannel
                0x0000000000000000      0x10c Src/ADC_Programe.o
 .text.ADC1_enuStartInjectedConversionWithPolling
                0x0000000000000000      0x12c Src/ADC_Programe.o
 .text.ADC1_enuStartInjectedConversionWithINT
                0x0000000000000000       0x8c Src/ADC_Programe.o
 .text.ADC1_enuEnableDisCountMOD
                0x0000000000000000       0xb4 Src/ADC_Programe.o
 .text.ADC1_enuDisableDisCountMOD
                0x0000000000000000       0x68 Src/ADC_Programe.o
 .text.ADC1_enuConfigAnalogWatchdog
                0x0000000000000000      0x124 Src/ADC_Programe.o
 .text.ADC1_enuEnableINT
                0x0000000000000000       0x5c Src/ADC_Programe.o
 .text.ADC1_enuDisableINT
                0x0000000000000000       0x5c Src/ADC_Programe.o
 .text.ADC1_enuEnableDMA
                0x0000000000000000       0x28 Src/ADC_Programe.o
 .text.ADC1_enuDisableDMA
                0x0000000000000000       0x28 Src/ADC_Programe.o
 .text.ADC1_enuSetCallBackFun
                0x0000000000000000       0x38 Src/ADC_Programe.o
 .debug_macro   0x0000000000000000      0xa60 Src/ADC_Programe.o
 .debug_macro   0x0000000000000000       0x10 Src/ADC_Programe.o
 .debug_macro   0x0000000000000000       0x2e Src/ADC_Programe.o
 .debug_macro   0x0000000000000000       0x10 Src/ADC_Programe.o
 .group         0x0000000000000000        0xc Src/GPIO_Config.o
 .text          0x0000000000000000        0x0 Src/GPIO_Config.o
 .data          0x0000000000000000        0x0 Src/GPIO_Config.o
 .bss           0x0000000000000000        0x0 Src/GPIO_Config.o
 .debug_info    0x0000000000000000       0x21 Src/GPIO_Config.o
 .debug_abbrev  0x0000000000000000       0x13 Src/GPIO_Config.o
 .debug_aranges
                0x0000000000000000       0x18 Src/GPIO_Config.o
 .debug_macro   0x0000000000000000       0x11 Src/GPIO_Config.o
 .debug_macro   0x0000000000000000      0xa60 Src/GPIO_Config.o
 .debug_line    0x0000000000000000       0x35 Src/GPIO_Config.o
 .debug_str     0x0000000000000000     0x2ccb Src/GPIO_Config.o
 .comment       0x0000000000000000       0x7c Src/GPIO_Config.o
 .ARM.attributes
                0x0000000000000000       0x33 Src/GPIO_Config.o
 .group         0x0000000000000000        0xc Src/GPIO_Prog.o
 .group         0x0000000000000000        0xc Src/GPIO_Prog.o
 .group         0x0000000000000000        0xc Src/GPIO_Prog.o
 .group         0x0000000000000000        0xc Src/GPIO_Prog.o
 .text          0x0000000000000000        0x0 Src/GPIO_Prog.o
 .data          0x0000000000000000        0x0 Src/GPIO_Prog.o
 .bss           0x0000000000000000        0x0 Src/GPIO_Prog.o
 .text.GPIO_enuGetPinVal
                0x0000000000000000       0xac Src/GPIO_Prog.o
 .text.GPIO_enuTogPinVal
                0x0000000000000000       0x54 Src/GPIO_Prog.o
 .debug_macro   0x0000000000000000      0xa60 Src/GPIO_Prog.o
 .debug_macro   0x0000000000000000       0x10 Src/GPIO_Prog.o
 .debug_macro   0x0000000000000000       0x2e Src/GPIO_Prog.o
 .debug_macro   0x0000000000000000       0xaa Src/GPIO_Prog.o
 .group         0x0000000000000000        0xc Src/NVIC_Programe.o
 .group         0x0000000000000000        0xc Src/NVIC_Programe.o
 .group         0x0000000000000000        0xc Src/NVIC_Programe.o
 .group         0x0000000000000000        0xc Src/NVIC_Programe.o
 .group         0x0000000000000000        0xc Src/NVIC_Programe.o
 .text          0x0000000000000000        0x0 Src/NVIC_Programe.o
 .data          0x0000000000000000        0x0 Src/NVIC_Programe.o
 .bss           0x0000000000000000        0x0 Src/NVIC_Programe.o
 .text.NVIC_enuEnableINT
                0x0000000000000000       0x94 Src/NVIC_Programe.o
 .text.NVIC_enuDisableINT
                0x0000000000000000       0xa0 Src/NVIC_Programe.o
 .text.NVIC_enuSetPendingINT
                0x0000000000000000       0xa0 Src/NVIC_Programe.o
 .text.NVIC_enuClearPendingINT
                0x0000000000000000       0xa0 Src/NVIC_Programe.o
 .text.NVIC_enuGetINTStatues
                0x0000000000000000       0xa8 Src/NVIC_Programe.o
 .text.NVIC_enuSetGroupPriority
                0x0000000000000000       0x9c Src/NVIC_Programe.o
 .debug_info    0x0000000000000000      0x2bd Src/NVIC_Programe.o
 .debug_abbrev  0x0000000000000000      0x106 Src/NVIC_Programe.o
 .debug_aranges
                0x0000000000000000       0x48 Src/NVIC_Programe.o
 .debug_ranges  0x0000000000000000       0x38 Src/NVIC_Programe.o
 .debug_macro   0x0000000000000000       0x53 Src/NVIC_Programe.o
 .debug_macro   0x0000000000000000      0xa60 Src/NVIC_Programe.o
 .debug_macro   0x0000000000000000       0x10 Src/NVIC_Programe.o
 .debug_macro   0x0000000000000000       0x2e Src/NVIC_Programe.o
 .debug_macro   0x0000000000000000       0xaa Src/NVIC_Programe.o
 .debug_macro   0x0000000000000000      0x18a Src/NVIC_Programe.o
 .debug_line    0x0000000000000000      0x1ba Src/NVIC_Programe.o
 .debug_str     0x0000000000000000     0x39ca Src/NVIC_Programe.o
 .comment       0x0000000000000000       0x7c Src/NVIC_Programe.o
 .debug_frame   0x0000000000000000      0x100 Src/NVIC_Programe.o
 .ARM.attributes
                0x0000000000000000       0x33 Src/NVIC_Programe.o
 .group         0x0000000000000000        0xc Src/RCC_Prog.o
 .group         0x0000000000000000        0xc Src/RCC_Prog.o
 .group         0x0000000000000000        0xc Src/RCC_Prog.o
 .group         0x0000000000000000        0xc Src/RCC_Prog.o
 .group         0x0000000000000000        0xc Src/RCC_Prog.o
 .group         0x0000000000000000        0xc Src/RCC_Prog.o
 .group         0x0000000000000000        0xc Src/RCC_Prog.o
 .text          0x0000000000000000        0x0 Src/RCC_Prog.o
 .data          0x0000000000000000        0x0 Src/RCC_Prog.o
 .bss           0x0000000000000000        0x0 Src/RCC_Prog.o
 .text.RCC_enuStateMCOpin
                0x0000000000000000      0x128 Src/RCC_Prog.o
 .text.RCC_enuStateCLKSecuritySys
                0x0000000000000000       0x54 Src/RCC_Prog.o
 .text.RCC_enuTrimHSI
                0x0000000000000000       0x50 Src/RCC_Prog.o
 .text.RCC_enuStateClkSourceInterrupt
                0x0000000000000000      0x10c Src/RCC_Prog.o
 .text.RCC_enuResetPeripheral
                0x0000000000000000       0x6c Src/RCC_Prog.o
 .debug_macro   0x0000000000000000      0xa60 Src/RCC_Prog.o
 .debug_macro   0x0000000000000000       0x10 Src/RCC_Prog.o
 .debug_macro   0x0000000000000000       0x2e Src/RCC_Prog.o
 .debug_macro   0x0000000000000000       0xaa Src/RCC_Prog.o
 .group         0x0000000000000000        0xc Src/STK_prog.o
 .group         0x0000000000000000        0xc Src/STK_prog.o
 .group         0x0000000000000000        0xc Src/STK_prog.o
 .group         0x0000000000000000        0xc Src/STK_prog.o
 .group         0x0000000000000000        0xc Src/STK_prog.o
 .group         0x0000000000000000        0xc Src/STK_prog.o
 .text          0x0000000000000000        0x0 Src/STK_prog.o
 .data          0x0000000000000000        0x0 Src/STK_prog.o
 .bss           0x0000000000000000        0x0 Src/STK_prog.o
 .text.STK_vidInitSTK
                0x0000000000000000       0x34 Src/STK_prog.o
 .text.STK_enuSyncDelay
                0x0000000000000000       0x58 Src/STK_prog.o
 .text.STK_enuASyncDelaySingleShot
                0x0000000000000000       0x64 Src/STK_prog.o
 .text.STK_enuASyncDelayMultiShot
                0x0000000000000000       0x64 Src/STK_prog.o
 .text.STK_enuStopTimer
                0x0000000000000000       0x38 Src/STK_prog.o
 .text.STK_enuGetElapsedTime
                0x0000000000000000       0x34 Src/STK_prog.o
 .text.STK_enuGetRemainingTime
                0x0000000000000000       0x34 Src/STK_prog.o
 .debug_macro   0x0000000000000000      0xa60 Src/STK_prog.o
 .debug_macro   0x0000000000000000       0x10 Src/STK_prog.o
 .debug_macro   0x0000000000000000       0x2e Src/STK_prog.o
 .debug_macro   0x0000000000000000       0xaa Src/STK_prog.o
 .group         0x0000000000000000        0xc Src/TIM18_Config.o
 .text          0x0000000000000000        0x0 Src/TIM18_Config.o
 .data          0x0000000000000000        0x0 Src/TIM18_Config.o
 .bss           0x0000000000000000        0x0 Src/TIM18_Config.o
 .debug_info    0x0000000000000000       0x21 Src/TIM18_Config.o
 .debug_abbrev  0x0000000000000000       0x13 Src/TIM18_Config.o
 .debug_aranges
                0x0000000000000000       0x18 Src/TIM18_Config.o
 .debug_macro   0x0000000000000000       0x11 Src/TIM18_Config.o
 .debug_macro   0x0000000000000000      0xa60 Src/TIM18_Config.o
 .debug_line    0x0000000000000000       0x36 Src/TIM18_Config.o
 .debug_str     0x0000000000000000     0x2ccc Src/TIM18_Config.o
 .comment       0x0000000000000000       0x7c Src/TIM18_Config.o
 .ARM.attributes
                0x0000000000000000       0x33 Src/TIM18_Config.o
 .group         0x0000000000000000        0xc Src/TIM18_Program.o
 .group         0x0000000000000000        0xc Src/TIM18_Program.o
 .group         0x0000000000000000        0xc Src/TIM18_Program.o
 .group         0x0000000000000000        0xc Src/TIM18_Program.o
 .group         0x0000000000000000        0xc Src/TIM18_Program.o
 .text          0x0000000000000000        0x0 Src/TIM18_Program.o
 .data          0x0000000000000000        0x0 Src/TIM18_Program.o
 .bss           0x0000000000000000        0x0 Src/TIM18_Program.o
 .text.TIM_enuDelayAsync_ms
                0x0000000000000000      0x288 Src/TIM18_Program.o
 .text.TIM_enuEnableCTCAsynch
                0x0000000000000000      0x1a0 Src/TIM18_Program.o
 .text.TIM_enuDisableCTC
                0x0000000000000000      0x110 Src/TIM18_Program.o
 .text.TIM_enuPWM_Stop
                0x0000000000000000      0x114 Src/TIM18_Program.o
 .text.TIM_enuIC_Init
                0x0000000000000000      0x574 Src/TIM18_Program.o
 .text.TIM_enuIC_GetValue
                0x0000000000000000      0x1dc Src/TIM18_Program.o
 .text.TIM_enuIC_EnableInterrupt
                0x0000000000000000       0xfc Src/TIM18_Program.o
 .text.TIM_enuIC_DisableInterrupt
                0x0000000000000000       0xfc Src/TIM18_Program.o
 .text.TIM_enuCallBack
                0x0000000000000000       0x68 Src/TIM18_Program.o
 .debug_macro   0x0000000000000000      0xa60 Src/TIM18_Program.o
 .debug_macro   0x0000000000000000       0x10 Src/TIM18_Program.o
 .debug_macro   0x0000000000000000       0xaa Src/TIM18_Program.o
 .debug_macro   0x0000000000000000       0x2e Src/TIM18_Program.o
 .group         0x0000000000000000        0xc Src/main.o
 .group         0x0000000000000000        0xc Src/main.o
 .group         0x0000000000000000        0xc Src/main.o
 .group         0x0000000000000000        0xc Src/main.o
 .text          0x0000000000000000        0x0 Src/main.o
 .data          0x0000000000000000        0x0 Src/main.o
 .bss           0x0000000000000000        0x0 Src/main.o
 .debug_macro   0x0000000000000000      0xa60 Src/main.o
 .debug_macro   0x0000000000000000       0x10 Src/main.o
 .debug_macro   0x0000000000000000       0x2e Src/main.o
 .debug_macro   0x0000000000000000      0x175 Src/main.o
 .group         0x0000000000000000        0xc Src/syscalls.o
 .group         0x0000000000000000        0xc Src/syscalls.o
 .group         0x0000000000000000        0xc Src/syscalls.o
 .group         0x0000000000000000        0xc Src/syscalls.o
 .group         0x0000000000000000        0xc Src/syscalls.o
 .group         0x0000000000000000        0xc Src/syscalls.o
 .group         0x0000000000000000        0xc Src/syscalls.o
 .group         0x0000000000000000        0xc Src/syscalls.o
 .group         0x0000000000000000        0xc Src/syscalls.o
 .group         0x0000000000000000        0xc Src/syscalls.o
 .group         0x0000000000000000        0xc Src/syscalls.o
 .group         0x0000000000000000        0xc Src/syscalls.o
 .group         0x0000000000000000        0xc Src/syscalls.o
 .group         0x0000000000000000        0xc Src/syscalls.o
 .group         0x0000000000000000        0xc Src/syscalls.o
 .group         0x0000000000000000        0xc Src/syscalls.o
 .group         0x0000000000000000        0xc Src/syscalls.o
 .group         0x0000000000000000        0xc Src/syscalls.o
 .group         0x0000000000000000        0xc Src/syscalls.o
 .group         0x0000000000000000        0xc Src/syscalls.o
 .group         0x0000000000000000        0xc Src/syscalls.o
 .group         0x0000000000000000        0xc Src/syscalls.o
 .group         0x0000000000000000        0xc Src/syscalls.o
 .group         0x0000000000000000        0xc Src/syscalls.o
 .group         0x0000000000000000        0xc Src/syscalls.o
 .group         0x0000000000000000        0xc Src/syscalls.o
 .group         0x0000000000000000        0xc Src/syscalls.o
 .group         0x0000000000000000        0xc Src/syscalls.o
 .group         0x0000000000000000        0xc Src/syscalls.o
 .group         0x0000000000000000        0xc Src/syscalls.o
 .group         0x0000000000000000        0xc Src/syscalls.o
 .group         0x0000000000000000        0xc Src/syscalls.o
 .group         0x0000000000000000        0xc Src/syscalls.o
 .group         0x0000000000000000        0xc Src/syscalls.o
 .group         0x0000000000000000        0xc Src/syscalls.o
 .group         0x0000000000000000        0xc Src/syscalls.o
 .group         0x0000000000000000        0xc Src/syscalls.o
 .group         0x0000000000000000        0xc Src/syscalls.o
 .group         0x0000000000000000        0xc Src/syscalls.o
 .group         0x0000000000000000        0xc Src/syscalls.o
 .group         0x0000000000000000        0xc Src/syscalls.o
 .group         0x0000000000000000        0xc Src/syscalls.o
 .group         0x0000000000000000        0xc Src/syscalls.o
 .group         0x0000000000000000        0xc Src/syscalls.o
 .text          0x0000000000000000        0x0 Src/syscalls.o
 .data          0x0000000000000000        0x0 Src/syscalls.o
 .bss           0x0000000000000000        0x0 Src/syscalls.o
 .bss.__env     0x0000000000000000        0x4 Src/syscalls.o
 .data.environ  0x0000000000000000        0x4 Src/syscalls.o
 .text.initialise_monitor_handles
                0x0000000000000000        0xc Src/syscalls.o
 .text._getpid  0x0000000000000000        0xe Src/syscalls.o
 .text._kill    0x0000000000000000       0x20 Src/syscalls.o
 .text._exit    0x0000000000000000       0x14 Src/syscalls.o
 .text._read    0x0000000000000000       0x3a Src/syscalls.o
 .text._write   0x0000000000000000       0x38 Src/syscalls.o
 .text._close   0x0000000000000000       0x16 Src/syscalls.o
 .text._fstat   0x0000000000000000       0x1e Src/syscalls.o
 .text._isatty  0x0000000000000000       0x14 Src/syscalls.o
 .text._lseek   0x0000000000000000       0x18 Src/syscalls.o
 .text._open    0x0000000000000000       0x1a Src/syscalls.o
 .text._wait    0x0000000000000000       0x1e Src/syscalls.o
 .text._unlink  0x0000000000000000       0x1e Src/syscalls.o
 .text._times   0x0000000000000000       0x16 Src/syscalls.o
 .text._stat    0x0000000000000000       0x1e Src/syscalls.o
 .text._link    0x0000000000000000       0x20 Src/syscalls.o
 .text._fork    0x0000000000000000       0x16 Src/syscalls.o
 .text._execve  0x0000000000000000       0x22 Src/syscalls.o
 .debug_info    0x0000000000000000      0xebd Src/syscalls.o
 .debug_abbrev  0x0000000000000000      0x261 Src/syscalls.o
 .debug_aranges
                0x0000000000000000       0xa8 Src/syscalls.o
 .debug_ranges  0x0000000000000000       0x98 Src/syscalls.o
 .debug_macro   0x0000000000000000      0x243 Src/syscalls.o
 .debug_macro   0x0000000000000000      0xa60 Src/syscalls.o
 .debug_macro   0x0000000000000000       0x22 Src/syscalls.o
 .debug_macro   0x0000000000000000       0x40 Src/syscalls.o
 .debug_macro   0x0000000000000000       0x18 Src/syscalls.o
 .debug_macro   0x0000000000000000       0x94 Src/syscalls.o
 .debug_macro   0x0000000000000000       0x3c Src/syscalls.o
 .debug_macro   0x0000000000000000       0x34 Src/syscalls.o
 .debug_macro   0x0000000000000000       0x57 Src/syscalls.o
 .debug_macro   0x0000000000000000      0x174 Src/syscalls.o
 .debug_macro   0x0000000000000000      0x330 Src/syscalls.o
 .debug_macro   0x0000000000000000       0x52 Src/syscalls.o
 .debug_macro   0x0000000000000000       0x1f Src/syscalls.o
 .debug_macro   0x0000000000000000       0x43 Src/syscalls.o
 .debug_macro   0x0000000000000000       0x20 Src/syscalls.o
 .debug_macro   0x0000000000000000      0x1a3 Src/syscalls.o
 .debug_macro   0x0000000000000000       0x10 Src/syscalls.o
 .debug_macro   0x0000000000000000       0x35 Src/syscalls.o
 .debug_macro   0x0000000000000000       0x10 Src/syscalls.o
 .debug_macro   0x0000000000000000       0x10 Src/syscalls.o
 .debug_macro   0x0000000000000000       0x10 Src/syscalls.o
 .debug_macro   0x0000000000000000       0x6a Src/syscalls.o
 .debug_macro   0x0000000000000000       0x1c Src/syscalls.o
 .debug_macro   0x0000000000000000       0x52 Src/syscalls.o
 .debug_macro   0x0000000000000000       0x40 Src/syscalls.o
 .debug_macro   0x0000000000000000       0x10 Src/syscalls.o
 .debug_macro   0x0000000000000000       0x40 Src/syscalls.o
 .debug_macro   0x0000000000000000       0xd7 Src/syscalls.o
 .debug_macro   0x0000000000000000       0x1c Src/syscalls.o
 .debug_macro   0x0000000000000000       0x3d Src/syscalls.o
 .debug_macro   0x0000000000000000       0x35 Src/syscalls.o
 .debug_macro   0x0000000000000000      0x122 Src/syscalls.o
 .debug_macro   0x0000000000000000       0x16 Src/syscalls.o
 .debug_macro   0x0000000000000000       0x16 Src/syscalls.o
 .debug_macro   0x0000000000000000       0x29 Src/syscalls.o
 .debug_macro   0x0000000000000000       0x10 Src/syscalls.o
 .debug_macro   0x0000000000000000      0x241 Src/syscalls.o
 .debug_macro   0x0000000000000000       0x1c Src/syscalls.o
 .debug_macro   0x0000000000000000       0x10 Src/syscalls.o
 .debug_macro   0x0000000000000000       0x10 Src/syscalls.o
 .debug_macro   0x0000000000000000       0x16 Src/syscalls.o
 .debug_macro   0x0000000000000000      0x145 Src/syscalls.o
 .debug_macro   0x0000000000000000      0x189 Src/syscalls.o
 .debug_macro   0x0000000000000000       0x16 Src/syscalls.o
 .debug_macro   0x0000000000000000       0x88 Src/syscalls.o
 .debug_line    0x0000000000000000      0x87f Src/syscalls.o
 .debug_str     0x0000000000000000     0x886b Src/syscalls.o
 .comment       0x0000000000000000       0x7c Src/syscalls.o
 .debug_frame   0x0000000000000000      0x2ac Src/syscalls.o
 .ARM.attributes
                0x0000000000000000       0x33 Src/syscalls.o
 .group         0x0000000000000000        0xc Src/sysmem.o
 .group         0x0000000000000000        0xc Src/sysmem.o
 .group         0x0000000000000000        0xc Src/sysmem.o
 .group         0x0000000000000000        0xc Src/sysmem.o
 .group         0x0000000000000000        0xc Src/sysmem.o
 .group         0x0000000000000000        0xc Src/sysmem.o
 .group         0x0000000000000000        0xc Src/sysmem.o
 .group         0x0000000000000000        0xc Src/sysmem.o
 .group         0x0000000000000000        0xc Src/sysmem.o
 .group         0x0000000000000000        0xc Src/sysmem.o
 .group         0x0000000000000000        0xc Src/sysmem.o
 .group         0x0000000000000000        0xc Src/sysmem.o
 .group         0x0000000000000000        0xc Src/sysmem.o
 .group         0x0000000000000000        0xc Src/sysmem.o
 .group         0x0000000000000000        0xc Src/sysmem.o
 .group         0x0000000000000000        0xc Src/sysmem.o
 .group         0x0000000000000000        0xc Src/sysmem.o
 .group         0x0000000000000000        0xc Src/sysmem.o
 .group         0x0000000000000000        0xc Src/sysmem.o
 .text          0x0000000000000000        0x0 Src/sysmem.o
 .data          0x0000000000000000        0x0 Src/sysmem.o
 .bss           0x0000000000000000        0x0 Src/sysmem.o
 .bss.__sbrk_heap_end
                0x0000000000000000        0x4 Src/sysmem.o
 .text._sbrk    0x0000000000000000       0x6c Src/sysmem.o
 .debug_info    0x0000000000000000      0x985 Src/sysmem.o
 .debug_abbrev  0x0000000000000000      0x19b Src/sysmem.o
 .debug_aranges
                0x0000000000000000       0x20 Src/sysmem.o
 .debug_ranges  0x0000000000000000       0x10 Src/sysmem.o
 .debug_macro   0x0000000000000000       0xee Src/sysmem.o
 .debug_macro   0x0000000000000000      0xa60 Src/sysmem.o
 .debug_macro   0x0000000000000000       0x10 Src/sysmem.o
 .debug_macro   0x0000000000000000       0x22 Src/sysmem.o
 .debug_macro   0x0000000000000000       0x40 Src/sysmem.o
 .debug_macro   0x0000000000000000       0x18 Src/sysmem.o
 .debug_macro   0x0000000000000000       0x94 Src/sysmem.o
 .debug_macro   0x0000000000000000       0x3c Src/sysmem.o
 .debug_macro   0x0000000000000000       0x34 Src/sysmem.o
 .debug_macro   0x0000000000000000      0x174 Src/sysmem.o
 .debug_macro   0x0000000000000000       0x57 Src/sysmem.o
 .debug_macro   0x0000000000000000       0x52 Src/sysmem.o
 .debug_macro   0x0000000000000000       0x1f Src/sysmem.o
 .debug_macro   0x0000000000000000       0x43 Src/sysmem.o
 .debug_macro   0x0000000000000000       0x20 Src/sysmem.o
 .debug_macro   0x0000000000000000      0x1a3 Src/sysmem.o
 .debug_macro   0x0000000000000000      0x23b Src/sysmem.o
 .debug_macro   0x0000000000000000       0xef Src/sysmem.o
 .debug_macro   0x0000000000000000       0x6a Src/sysmem.o
 .debug_macro   0x0000000000000000      0x1df Src/sysmem.o
 .debug_line    0x0000000000000000      0x608 Src/sysmem.o
 .debug_str     0x0000000000000000     0x5f39 Src/sysmem.o
 .comment       0x0000000000000000       0x7c Src/sysmem.o
 .debug_frame   0x0000000000000000       0x34 Src/sysmem.o
 .ARM.attributes
                0x0000000000000000       0x33 Src/sysmem.o
 .text          0x0000000000000000       0x14 Startup/startup_stm32f103c8tx.o
 .data          0x0000000000000000        0x0 Startup/startup_stm32f103c8tx.o
 .bss           0x0000000000000000        0x0 Startup/startup_stm32f103c8tx.o
 .text          0x0000000000000000        0x0 d:/cat reloaded/arm/nti_basem/stm32cubeide/stm32cubeide_1.4.0/stm32cubeide/plugins/com.st.stm32cube.ide.mcu.externaltools.gnu-tools-for-stm32.7-2018-q2-update.win32_1.4.0.202007081208/tools/bin/../lib/gcc/arm-none-eabi/7.3.1/../../../../arm-none-eabi/lib/thumb/v7-m\libc_nano.a(lib_a-errno.o)
 .data          0x0000000000000000        0x0 d:/cat reloaded/arm/nti_basem/stm32cubeide/stm32cubeide_1.4.0/stm32cubeide/plugins/com.st.stm32cube.ide.mcu.externaltools.gnu-tools-for-stm32.7-2018-q2-update.win32_1.4.0.202007081208/tools/bin/../lib/gcc/arm-none-eabi/7.3.1/../../../../arm-none-eabi/lib/thumb/v7-m\libc_nano.a(lib_a-errno.o)
 .bss           0x0000000000000000        0x0 d:/cat reloaded/arm/nti_basem/stm32cubeide/stm32cubeide_1.4.0/stm32cubeide/plugins/com.st.stm32cube.ide.mcu.externaltools.gnu-tools-for-stm32.7-2018-q2-update.win32_1.4.0.202007081208/tools/bin/../lib/gcc/arm-none-eabi/7.3.1/../../../../arm-none-eabi/lib/thumb/v7-m\libc_nano.a(lib_a-errno.o)
 .text.__errno  0x0000000000000000        0xc d:/cat reloaded/arm/nti_basem/stm32cubeide/stm32cubeide_1.4.0/stm32cubeide/plugins/com.st.stm32cube.ide.mcu.externaltools.gnu-tools-for-stm32.7-2018-q2-update.win32_1.4.0.202007081208/tools/bin/../lib/gcc/arm-none-eabi/7.3.1/../../../../arm-none-eabi/lib/thumb/v7-m\libc_nano.a(lib_a-errno.o)
 .debug_frame   0x0000000000000000       0x20 d:/cat reloaded/arm/nti_basem/stm32cubeide/stm32cubeide_1.4.0/stm32cubeide/plugins/com.st.stm32cube.ide.mcu.externaltools.gnu-tools-for-stm32.7-2018-q2-update.win32_1.4.0.202007081208/tools/bin/../lib/gcc/arm-none-eabi/7.3.1/../../../../arm-none-eabi/lib/thumb/v7-m\libc_nano.a(lib_a-errno.o)
 .ARM.attributes
                0x0000000000000000       0x2d d:/cat reloaded/arm/nti_basem/stm32cubeide/stm32cubeide_1.4.0/stm32cubeide/plugins/com.st.stm32cube.ide.mcu.externaltools.gnu-tools-for-stm32.7-2018-q2-update.win32_1.4.0.202007081208/tools/bin/../lib/gcc/arm-none-eabi/7.3.1/../../../../arm-none-eabi/lib/thumb/v7-m\libc_nano.a(lib_a-errno.o)
 .text          0x0000000000000000        0x0 d:/cat reloaded/arm/nti_basem/stm32cubeide/stm32cubeide_1.4.0/stm32cubeide/plugins/com.st.stm32cube.ide.mcu.externaltools.gnu-tools-for-stm32.7-2018-q2-update.win32_1.4.0.202007081208/tools/bin/../lib/gcc/arm-none-eabi/7.3.1/../../../../arm-none-eabi/lib/thumb/v7-m\libc_nano.a(lib_a-exit.o)
 .data          0x0000000000000000        0x0 d:/cat reloaded/arm/nti_basem/stm32cubeide/stm32cubeide_1.4.0/stm32cubeide/plugins/com.st.stm32cube.ide.mcu.externaltools.gnu-tools-for-stm32.7-2018-q2-update.win32_1.4.0.202007081208/tools/bin/../lib/gcc/arm-none-eabi/7.3.1/../../../../arm-none-eabi/lib/thumb/v7-m\libc_nano.a(lib_a-exit.o)
 .bss           0x0000000000000000        0x0 d:/cat reloaded/arm/nti_basem/stm32cubeide/stm32cubeide_1.4.0/stm32cubeide/plugins/com.st.stm32cube.ide.mcu.externaltools.gnu-tools-for-stm32.7-2018-q2-update.win32_1.4.0.202007081208/tools/bin/../lib/gcc/arm-none-eabi/7.3.1/../../../../arm-none-eabi/lib/thumb/v7-m\libc_nano.a(lib_a-exit.o)
 .text.exit     0x0000000000000000       0x28 d:/cat reloaded/arm/nti_basem/stm32cubeide/stm32cubeide_1.4.0/stm32cubeide/plugins/com.st.stm32cube.ide.mcu.externaltools.gnu-tools-for-stm32.7-2018-q2-update.win32_1.4.0.202007081208/tools/bin/../lib/gcc/arm-none-eabi/7.3.1/../../../../arm-none-eabi/lib/thumb/v7-m\libc_nano.a(lib_a-exit.o)
 .debug_frame   0x0000000000000000       0x28 d:/cat reloaded/arm/nti_basem/stm32cubeide/stm32cubeide_1.4.0/stm32cubeide/plugins/com.st.stm32cube.ide.mcu.externaltools.gnu-tools-for-stm32.7-2018-q2-update.win32_1.4.0.202007081208/tools/bin/../lib/gcc/arm-none-eabi/7.3.1/../../../../arm-none-eabi/lib/thumb/v7-m\libc_nano.a(lib_a-exit.o)
 .ARM.attributes
                0x0000000000000000       0x2d d:/cat reloaded/arm/nti_basem/stm32cubeide/stm32cubeide_1.4.0/stm32cubeide/plugins/com.st.stm32cube.ide.mcu.externaltools.gnu-tools-for-stm32.7-2018-q2-update.win32_1.4.0.202007081208/tools/bin/../lib/gcc/arm-none-eabi/7.3.1/../../../../arm-none-eabi/lib/thumb/v7-m\libc_nano.a(lib_a-exit.o)
 .text          0x0000000000000000        0x0 d:/cat reloaded/arm/nti_basem/stm32cubeide/stm32cubeide_1.4.0/stm32cubeide/plugins/com.st.stm32cube.ide.mcu.externaltools.gnu-tools-for-stm32.7-2018-q2-update.win32_1.4.0.202007081208/tools/bin/../lib/gcc/arm-none-eabi/7.3.1/../../../../arm-none-eabi/lib/thumb/v7-m\libc_nano.a(lib_a-impure.o)
 .data          0x0000000000000000        0x0 d:/cat reloaded/arm/nti_basem/stm32cubeide/stm32cubeide_1.4.0/stm32cubeide/plugins/com.st.stm32cube.ide.mcu.externaltools.gnu-tools-for-stm32.7-2018-q2-update.win32_1.4.0.202007081208/tools/bin/../lib/gcc/arm-none-eabi/7.3.1/../../../../arm-none-eabi/lib/thumb/v7-m\libc_nano.a(lib_a-impure.o)
 .bss           0x0000000000000000        0x0 d:/cat reloaded/arm/nti_basem/stm32cubeide/stm32cubeide_1.4.0/stm32cubeide/plugins/com.st.stm32cube.ide.mcu.externaltools.gnu-tools-for-stm32.7-2018-q2-update.win32_1.4.0.202007081208/tools/bin/../lib/gcc/arm-none-eabi/7.3.1/../../../../arm-none-eabi/lib/thumb/v7-m\libc_nano.a(lib_a-impure.o)
 .data._impure_ptr
                0x0000000000000000        0x4 d:/cat reloaded/arm/nti_basem/stm32cubeide/stm32cubeide_1.4.0/stm32cubeide/plugins/com.st.stm32cube.ide.mcu.externaltools.gnu-tools-for-stm32.7-2018-q2-update.win32_1.4.0.202007081208/tools/bin/../lib/gcc/arm-none-eabi/7.3.1/../../../../arm-none-eabi/lib/thumb/v7-m\libc_nano.a(lib_a-impure.o)
 .data.impure_data
                0x0000000000000000       0x60 d:/cat reloaded/arm/nti_basem/stm32cubeide/stm32cubeide_1.4.0/stm32cubeide/plugins/com.st.stm32cube.ide.mcu.externaltools.gnu-tools-for-stm32.7-2018-q2-update.win32_1.4.0.202007081208/tools/bin/../lib/gcc/arm-none-eabi/7.3.1/../../../../arm-none-eabi/lib/thumb/v7-m\libc_nano.a(lib_a-impure.o)
 .rodata._global_impure_ptr
                0x0000000000000000        0x4 d:/cat reloaded/arm/nti_basem/stm32cubeide/stm32cubeide_1.4.0/stm32cubeide/plugins/com.st.stm32cube.ide.mcu.externaltools.gnu-tools-for-stm32.7-2018-q2-update.win32_1.4.0.202007081208/tools/bin/../lib/gcc/arm-none-eabi/7.3.1/../../../../arm-none-eabi/lib/thumb/v7-m\libc_nano.a(lib_a-impure.o)
 .ARM.attributes
                0x0000000000000000       0x2d d:/cat reloaded/arm/nti_basem/stm32cubeide/stm32cubeide_1.4.0/stm32cubeide/plugins/com.st.stm32cube.ide.mcu.externaltools.gnu-tools-for-stm32.7-2018-q2-update.win32_1.4.0.202007081208/tools/bin/../lib/gcc/arm-none-eabi/7.3.1/../../../../arm-none-eabi/lib/thumb/v7-m\libc_nano.a(lib_a-impure.o)
 .text          0x0000000000000000        0x0 d:/cat reloaded/arm/nti_basem/stm32cubeide/stm32cubeide_1.4.0/stm32cubeide/plugins/com.st.stm32cube.ide.mcu.externaltools.gnu-tools-for-stm32.7-2018-q2-update.win32_1.4.0.202007081208/tools/bin/../lib/gcc/arm-none-eabi/7.3.1/../../../../arm-none-eabi/lib/thumb/v7-m\libc_nano.a(lib_a-init.o)
 .data          0x0000000000000000        0x0 d:/cat reloaded/arm/nti_basem/stm32cubeide/stm32cubeide_1.4.0/stm32cubeide/plugins/com.st.stm32cube.ide.mcu.externaltools.gnu-tools-for-stm32.7-2018-q2-update.win32_1.4.0.202007081208/tools/bin/../lib/gcc/arm-none-eabi/7.3.1/../../../../arm-none-eabi/lib/thumb/v7-m\libc_nano.a(lib_a-init.o)
 .bss           0x0000000000000000        0x0 d:/cat reloaded/arm/nti_basem/stm32cubeide/stm32cubeide_1.4.0/stm32cubeide/plugins/com.st.stm32cube.ide.mcu.externaltools.gnu-tools-for-stm32.7-2018-q2-update.win32_1.4.0.202007081208/tools/bin/../lib/gcc/arm-none-eabi/7.3.1/../../../../arm-none-eabi/lib/thumb/v7-m\libc_nano.a(lib_a-init.o)
 .text          0x0000000000000000        0x0 d:/cat reloaded/arm/nti_basem/stm32cubeide/stm32cubeide_1.4.0/stm32cubeide/plugins/com.st.stm32cube.ide.mcu.externaltools.gnu-tools-for-stm32.7-2018-q2-update.win32_1.4.0.202007081208/tools/bin/../lib/gcc/arm-none-eabi/7.3.1/../../../../arm-none-eabi/lib/thumb/v7-m\libc_nano.a(lib_a-memset.o)
 .data          0x0000000000000000        0x0 d:/cat reloaded/arm/nti_basem/stm32cubeide/stm32cubeide_1.4.0/stm32cubeide/plugins/com.st.stm32cube.ide.mcu.externaltools.gnu-tools-for-stm32.7-2018-q2-update.win32_1.4.0.202007081208/tools/bin/../lib/gcc/arm-none-eabi/7.3.1/../../../../arm-none-eabi/lib/thumb/v7-m\libc_nano.a(lib_a-memset.o)
 .bss           0x0000000000000000        0x0 d:/cat reloaded/arm/nti_basem/stm32cubeide/stm32cubeide_1.4.0/stm32cubeide/plugins/com.st.stm32cube.ide.mcu.externaltools.gnu-tools-for-stm32.7-2018-q2-update.win32_1.4.0.202007081208/tools/bin/../lib/gcc/arm-none-eabi/7.3.1/../../../../arm-none-eabi/lib/thumb/v7-m\libc_nano.a(lib_a-memset.o)
 .text.memset   0x0000000000000000       0x10 d:/cat reloaded/arm/nti_basem/stm32cubeide/stm32cubeide_1.4.0/stm32cubeide/plugins/com.st.stm32cube.ide.mcu.externaltools.gnu-tools-for-stm32.7-2018-q2-update.win32_1.4.0.202007081208/tools/bin/../lib/gcc/arm-none-eabi/7.3.1/../../../../arm-none-eabi/lib/thumb/v7-m\libc_nano.a(lib_a-memset.o)
 .debug_frame   0x0000000000000000       0x20 d:/cat reloaded/arm/nti_basem/stm32cubeide/stm32cubeide_1.4.0/stm32cubeide/plugins/com.st.stm32cube.ide.mcu.externaltools.gnu-tools-for-stm32.7-2018-q2-update.win32_1.4.0.202007081208/tools/bin/../lib/gcc/arm-none-eabi/7.3.1/../../../../arm-none-eabi/lib/thumb/v7-m\libc_nano.a(lib_a-memset.o)
 .ARM.attributes
                0x0000000000000000       0x2d d:/cat reloaded/arm/nti_basem/stm32cubeide/stm32cubeide_1.4.0/stm32cubeide/plugins/com.st.stm32cube.ide.mcu.externaltools.gnu-tools-for-stm32.7-2018-q2-update.win32_1.4.0.202007081208/tools/bin/../lib/gcc/arm-none-eabi/7.3.1/../../../../arm-none-eabi/lib/thumb/v7-m\libc_nano.a(lib_a-memset.o)
 .data          0x0000000000000000        0x0 d:/cat reloaded/arm/nti_basem/stm32cubeide/stm32cubeide_1.4.0/stm32cubeide/plugins/com.st.stm32cube.ide.mcu.externaltools.gnu-tools-for-stm32.7-2018-q2-update.win32_1.4.0.202007081208/tools/bin/../lib/gcc/arm-none-eabi/7.3.1/thumb/v7-m\libgcc.a(_arm_addsubdf3.o)
 .bss           0x0000000000000000        0x0 d:/cat reloaded/arm/nti_basem/stm32cubeide/stm32cubeide_1.4.0/stm32cubeide/plugins/com.st.stm32cube.ide.mcu.externaltools.gnu-tools-for-stm32.7-2018-q2-update.win32_1.4.0.202007081208/tools/bin/../lib/gcc/arm-none-eabi/7.3.1/thumb/v7-m\libgcc.a(_arm_addsubdf3.o)
 .data          0x0000000000000000        0x0 d:/cat reloaded/arm/nti_basem/stm32cubeide/stm32cubeide_1.4.0/stm32cubeide/plugins/com.st.stm32cube.ide.mcu.externaltools.gnu-tools-for-stm32.7-2018-q2-update.win32_1.4.0.202007081208/tools/bin/../lib/gcc/arm-none-eabi/7.3.1/thumb/v7-m\libgcc.a(_arm_muldivdf3.o)
 .bss           0x0000000000000000        0x0 d:/cat reloaded/arm/nti_basem/stm32cubeide/stm32cubeide_1.4.0/stm32cubeide/plugins/com.st.stm32cube.ide.mcu.externaltools.gnu-tools-for-stm32.7-2018-q2-update.win32_1.4.0.202007081208/tools/bin/../lib/gcc/arm-none-eabi/7.3.1/thumb/v7-m\libgcc.a(_arm_muldivdf3.o)
 .data          0x0000000000000000        0x0 d:/cat reloaded/arm/nti_basem/stm32cubeide/stm32cubeide_1.4.0/stm32cubeide/plugins/com.st.stm32cube.ide.mcu.externaltools.gnu-tools-for-stm32.7-2018-q2-update.win32_1.4.0.202007081208/tools/bin/../lib/gcc/arm-none-eabi/7.3.1/thumb/v7-m\libgcc.a(_arm_fixunsdfsi.o)
 .bss           0x0000000000000000        0x0 d:/cat reloaded/arm/nti_basem/stm32cubeide/stm32cubeide_1.4.0/stm32cubeide/plugins/com.st.stm32cube.ide.mcu.externaltools.gnu-tools-for-stm32.7-2018-q2-update.win32_1.4.0.202007081208/tools/bin/../lib/gcc/arm-none-eabi/7.3.1/thumb/v7-m\libgcc.a(_arm_fixunsdfsi.o)
 .data          0x0000000000000000        0x0 d:/cat reloaded/arm/nti_basem/stm32cubeide/stm32cubeide_1.4.0/stm32cubeide/plugins/com.st.stm32cube.ide.mcu.externaltools.gnu-tools-for-stm32.7-2018-q2-update.win32_1.4.0.202007081208/tools/bin/../lib/gcc/arm-none-eabi/7.3.1/thumb/v7-m\libgcc.a(_arm_addsubsf3.o)
 .bss           0x0000000000000000        0x0 d:/cat reloaded/arm/nti_basem/stm32cubeide/stm32cubeide_1.4.0/stm32cubeide/plugins/com.st.stm32cube.ide.mcu.externaltools.gnu-tools-for-stm32.7-2018-q2-update.win32_1.4.0.202007081208/tools/bin/../lib/gcc/arm-none-eabi/7.3.1/thumb/v7-m\libgcc.a(_arm_addsubsf3.o)
 .text          0x0000000000000000      0x2a0 d:/cat reloaded/arm/nti_basem/stm32cubeide/stm32cubeide_1.4.0/stm32cubeide/plugins/com.st.stm32cube.ide.mcu.externaltools.gnu-tools-for-stm32.7-2018-q2-update.win32_1.4.0.202007081208/tools/bin/../lib/gcc/arm-none-eabi/7.3.1/thumb/v7-m\libgcc.a(_arm_muldivsf3.o)
 .data          0x0000000000000000        0x0 d:/cat reloaded/arm/nti_basem/stm32cubeide/stm32cubeide_1.4.0/stm32cubeide/plugins/com.st.stm32cube.ide.mcu.externaltools.gnu-tools-for-stm32.7-2018-q2-update.win32_1.4.0.202007081208/tools/bin/../lib/gcc/arm-none-eabi/7.3.1/thumb/v7-m\libgcc.a(_arm_muldivsf3.o)
 .bss           0x0000000000000000        0x0 d:/cat reloaded/arm/nti_basem/stm32cubeide/stm32cubeide_1.4.0/stm32cubeide/plugins/com.st.stm32cube.ide.mcu.externaltools.gnu-tools-for-stm32.7-2018-q2-update.win32_1.4.0.202007081208/tools/bin/../lib/gcc/arm-none-eabi/7.3.1/thumb/v7-m\libgcc.a(_arm_muldivsf3.o)
 .debug_frame   0x0000000000000000       0x38 d:/cat reloaded/arm/nti_basem/stm32cubeide/stm32cubeide_1.4.0/stm32cubeide/plugins/com.st.stm32cube.ide.mcu.externaltools.gnu-tools-for-stm32.7-2018-q2-update.win32_1.4.0.202007081208/tools/bin/../lib/gcc/arm-none-eabi/7.3.1/thumb/v7-m\libgcc.a(_arm_muldivsf3.o)
 .ARM.attributes
                0x0000000000000000       0x1d d:/cat reloaded/arm/nti_basem/stm32cubeide/stm32cubeide_1.4.0/stm32cubeide/plugins/com.st.stm32cube.ide.mcu.externaltools.gnu-tools-for-stm32.7-2018-q2-update.win32_1.4.0.202007081208/tools/bin/../lib/gcc/arm-none-eabi/7.3.1/thumb/v7-m\libgcc.a(_arm_muldivsf3.o)
 .data          0x0000000000000000        0x0 d:/cat reloaded/arm/nti_basem/stm32cubeide/stm32cubeide_1.4.0/stm32cubeide/plugins/com.st.stm32cube.ide.mcu.externaltools.gnu-tools-for-stm32.7-2018-q2-update.win32_1.4.0.202007081208/tools/bin/../lib/gcc/arm-none-eabi/7.3.1/thumb/v7-m\libgcc.a(_arm_cmpsf2.o)
 .bss           0x0000000000000000        0x0 d:/cat reloaded/arm/nti_basem/stm32cubeide/stm32cubeide_1.4.0/stm32cubeide/plugins/com.st.stm32cube.ide.mcu.externaltools.gnu-tools-for-stm32.7-2018-q2-update.win32_1.4.0.202007081208/tools/bin/../lib/gcc/arm-none-eabi/7.3.1/thumb/v7-m\libgcc.a(_arm_cmpsf2.o)
 .text          0x0000000000000000       0x40 d:/cat reloaded/arm/nti_basem/stm32cubeide/stm32cubeide_1.4.0/stm32cubeide/plugins/com.st.stm32cube.ide.mcu.externaltools.gnu-tools-for-stm32.7-2018-q2-update.win32_1.4.0.202007081208/tools/bin/../lib/gcc/arm-none-eabi/7.3.1/thumb/v7-m\libgcc.a(_arm_fixunssfsi.o)
 .data          0x0000000000000000        0x0 d:/cat reloaded/arm/nti_basem/stm32cubeide/stm32cubeide_1.4.0/stm32cubeide/plugins/com.st.stm32cube.ide.mcu.externaltools.gnu-tools-for-stm32.7-2018-q2-update.win32_1.4.0.202007081208/tools/bin/../lib/gcc/arm-none-eabi/7.3.1/thumb/v7-m\libgcc.a(_arm_fixunssfsi.o)
 .bss           0x0000000000000000        0x0 d:/cat reloaded/arm/nti_basem/stm32cubeide/stm32cubeide_1.4.0/stm32cubeide/plugins/com.st.stm32cube.ide.mcu.externaltools.gnu-tools-for-stm32.7-2018-q2-update.win32_1.4.0.202007081208/tools/bin/../lib/gcc/arm-none-eabi/7.3.1/thumb/v7-m\libgcc.a(_arm_fixunssfsi.o)
 .debug_frame   0x0000000000000000       0x24 d:/cat reloaded/arm/nti_basem/stm32cubeide/stm32cubeide_1.4.0/stm32cubeide/plugins/com.st.stm32cube.ide.mcu.externaltools.gnu-tools-for-stm32.7-2018-q2-update.win32_1.4.0.202007081208/tools/bin/../lib/gcc/arm-none-eabi/7.3.1/thumb/v7-m\libgcc.a(_arm_fixunssfsi.o)
 .ARM.attributes
                0x0000000000000000       0x1d d:/cat reloaded/arm/nti_basem/stm32cubeide/stm32cubeide_1.4.0/stm32cubeide/plugins/com.st.stm32cube.ide.mcu.externaltools.gnu-tools-for-stm32.7-2018-q2-update.win32_1.4.0.202007081208/tools/bin/../lib/gcc/arm-none-eabi/7.3.1/thumb/v7-m\libgcc.a(_arm_fixunssfsi.o)
 .text          0x0000000000000000        0x0 d:/cat reloaded/arm/nti_basem/stm32cubeide/stm32cubeide_1.4.0/stm32cubeide/plugins/com.st.stm32cube.ide.mcu.externaltools.gnu-tools-for-stm32.7-2018-q2-update.win32_1.4.0.202007081208/tools/bin/../lib/gcc/arm-none-eabi/7.3.1/thumb/v7-m/crtend.o
 .data          0x0000000000000000        0x0 d:/cat reloaded/arm/nti_basem/stm32cubeide/stm32cubeide_1.4.0/stm32cubeide/plugins/com.st.stm32cube.ide.mcu.externaltools.gnu-tools-for-stm32.7-2018-q2-update.win32_1.4.0.202007081208/tools/bin/../lib/gcc/arm-none-eabi/7.3.1/thumb/v7-m/crtend.o
 .bss           0x0000000000000000        0x0 d:/cat reloaded/arm/nti_basem/stm32cubeide/stm32cubeide_1.4.0/stm32cubeide/plugins/com.st.stm32cube.ide.mcu.externaltools.gnu-tools-for-stm32.7-2018-q2-update.win32_1.4.0.202007081208/tools/bin/../lib/gcc/arm-none-eabi/7.3.1/thumb/v7-m/crtend.o
 .eh_frame      0x0000000000000000        0x4 d:/cat reloaded/arm/nti_basem/stm32cubeide/stm32cubeide_1.4.0/stm32cubeide/plugins/com.st.stm32cube.ide.mcu.externaltools.gnu-tools-for-stm32.7-2018-q2-update.win32_1.4.0.202007081208/tools/bin/../lib/gcc/arm-none-eabi/7.3.1/thumb/v7-m/crtend.o
 .ARM.attributes
                0x0000000000000000       0x2d d:/cat reloaded/arm/nti_basem/stm32cubeide/stm32cubeide_1.4.0/stm32cubeide/plugins/com.st.stm32cube.ide.mcu.externaltools.gnu-tools-for-stm32.7-2018-q2-update.win32_1.4.0.202007081208/tools/bin/../lib/gcc/arm-none-eabi/7.3.1/thumb/v7-m/crtend.o
 .text          0x0000000000000000        0x0 d:/cat reloaded/arm/nti_basem/stm32cubeide/stm32cubeide_1.4.0/stm32cubeide/plugins/com.st.stm32cube.ide.mcu.externaltools.gnu-tools-for-stm32.7-2018-q2-update.win32_1.4.0.202007081208/tools/bin/../lib/gcc/arm-none-eabi/7.3.1/thumb/v7-m/crtn.o
 .data          0x0000000000000000        0x0 d:/cat reloaded/arm/nti_basem/stm32cubeide/stm32cubeide_1.4.0/stm32cubeide/plugins/com.st.stm32cube.ide.mcu.externaltools.gnu-tools-for-stm32.7-2018-q2-update.win32_1.4.0.202007081208/tools/bin/../lib/gcc/arm-none-eabi/7.3.1/thumb/v7-m/crtn.o
 .bss           0x0000000000000000        0x0 d:/cat reloaded/arm/nti_basem/stm32cubeide/stm32cubeide_1.4.0/stm32cubeide/plugins/com.st.stm32cube.ide.mcu.externaltools.gnu-tools-for-stm32.7-2018-q2-update.win32_1.4.0.202007081208/tools/bin/../lib/gcc/arm-none-eabi/7.3.1/thumb/v7-m/crtn.o

Memory Configuration

Name             Origin             Length             Attributes
RAM              0x0000000020000000 0x0000000000005000 xrw
ROM              0x0000000008000000 0x0000000000010000 xr
*default*        0x0000000000000000 0xffffffffffffffff

Linker script and memory map

LOAD d:/cat reloaded/arm/nti_basem/stm32cubeide/stm32cubeide_1.4.0/stm32cubeide/plugins/com.st.stm32cube.ide.mcu.externaltools.gnu-tools-for-stm32.7-2018-q2-update.win32_1.4.0.202007081208/tools/bin/../lib/gcc/arm-none-eabi/7.3.1/thumb/v7-m/crti.o
LOAD d:/cat reloaded/arm/nti_basem/stm32cubeide/stm32cubeide_1.4.0/stm32cubeide/plugins/com.st.stm32cube.ide.mcu.externaltools.gnu-tools-for-stm32.7-2018-q2-update.win32_1.4.0.202007081208/tools/bin/../lib/gcc/arm-none-eabi/7.3.1/thumb/v7-m/crtbegin.o
LOAD d:/cat reloaded/arm/nti_basem/stm32cubeide/stm32cubeide_1.4.0/stm32cubeide/plugins/com.st.stm32cube.ide.mcu.externaltools.gnu-tools-for-stm32.7-2018-q2-update.win32_1.4.0.202007081208/tools/bin/../lib/gcc/arm-none-eabi/7.3.1/../../../../arm-none-eabi/lib/thumb/v7-m/crt0.o
LOAD Src/ADC_Config.o
LOAD Src/ADC_Programe.o
LOAD Src/GPIO_Config.o
LOAD Src/GPIO_Prog.o
LOAD Src/NVIC_Programe.o
LOAD Src/RCC_Prog.o
LOAD Src/STK_prog.o
LOAD Src/TIM18_Config.o
LOAD Src/TIM18_Program.o
LOAD Src/main.o
LOAD Src/syscalls.o
LOAD Src/sysmem.o
LOAD Startup/startup_stm32f103c8tx.o
START GROUP
LOAD d:/cat reloaded/arm/nti_basem/stm32cubeide/stm32cubeide_1.4.0/stm32cubeide/plugins/com.st.stm32cube.ide.mcu.externaltools.gnu-tools-for-stm32.7-2018-q2-update.win32_1.4.0.202007081208/tools/bin/../lib/gcc/arm-none-eabi/7.3.1/../../../../arm-none-eabi/lib/thumb/v7-m\libc_nano.a
LOAD d:/cat reloaded/arm/nti_basem/stm32cubeide/stm32cubeide_1.4.0/stm32cubeide/plugins/com.st.stm32cube.ide.mcu.externaltools.gnu-tools-for-stm32.7-2018-q2-update.win32_1.4.0.202007081208/tools/bin/../lib/gcc/arm-none-eabi/7.3.1/../../../../arm-none-eabi/lib/thumb/v7-m\libm.a
END GROUP
START GROUP
LOAD d:/cat reloaded/arm/nti_basem/stm32cubeide/stm32cubeide_1.4.0/stm32cubeide/plugins/com.st.stm32cube.ide.mcu.externaltools.gnu-tools-for-stm32.7-2018-q2-update.win32_1.4.0.202007081208/tools/bin/../lib/gcc/arm-none-eabi/7.3.1/thumb/v7-m\libgcc.a
LOAD d:/cat reloaded/arm/nti_basem/stm32cubeide/stm32cubeide_1.4.0/stm32cubeide/plugins/com.st.stm32cube.ide.mcu.externaltools.gnu-tools-for-stm32.7-2018-q2-update.win32_1.4.0.202007081208/tools/bin/../lib/gcc/arm-none-eabi/7.3.1/../../../../arm-none-eabi/lib/thumb/v7-m\libc_nano.a
END GROUP
START GROUP
LOAD d:/cat reloaded/arm/nti_basem/stm32cubeide/stm32cubeide_1.4.0/stm32cubeide/plugins/com.st.stm32cube.ide.mcu.externaltools.gnu-tools-for-stm32.7-2018-q2-update.win32_1.4.0.202007081208/tools/bin/../lib/gcc/arm-none-eabi/7.3.1/thumb/v7-m\libgcc.a
LOAD d:/cat reloaded/arm/nti_basem/stm32cubeide/stm32cubeide_1.4.0/stm32cubeide/plugins/com.st.stm32cube.ide.mcu.externaltools.gnu-tools-for-stm32.7-2018-q2-update.win32_1.4.0.202007081208/tools/bin/../lib/gcc/arm-none-eabi/7.3.1/../../../../arm-none-eabi/lib/thumb/v7-m\libc_nano.a
LOAD d:/cat reloaded/arm/nti_basem/stm32cubeide/stm32cubeide_1.4.0/stm32cubeide/plugins/com.st.stm32cube.ide.mcu.externaltools.gnu-tools-for-stm32.7-2018-q2-update.win32_1.4.0.202007081208/tools/bin/../lib/gcc/arm-none-eabi/7.3.1/../../../../arm-none-eabi/lib/thumb/v7-m\libnosys.a
END GROUP
START GROUP
LOAD d:/cat reloaded/arm/nti_basem/stm32cubeide/stm32cubeide_1.4.0/stm32cubeide/plugins/com.st.stm32cube.ide.mcu.externaltools.gnu-tools-for-stm32.7-2018-q2-update.win32_1.4.0.202007081208/tools/bin/../lib/gcc/arm-none-eabi/7.3.1/thumb/v7-m\libgcc.a
LOAD d:/cat reloaded/arm/nti_basem/stm32cubeide/stm32cubeide_1.4.0/stm32cubeide/plugins/com.st.stm32cube.ide.mcu.externaltools.gnu-tools-for-stm32.7-2018-q2-update.win32_1.4.0.202007081208/tools/bin/../lib/gcc/arm-none-eabi/7.3.1/../../../../arm-none-eabi/lib/thumb/v7-m\libc_nano.a
LOAD d:/cat reloaded/arm/nti_basem/stm32cubeide/stm32cubeide_1.4.0/stm32cubeide/plugins/com.st.stm32cube.ide.mcu.externaltools.gnu-tools-for-stm32.7-2018-q2-update.win32_1.4.0.202007081208/tools/bin/../lib/gcc/arm-none-eabi/7.3.1/../../../../arm-none-eabi/lib/thumb/v7-m\libnosys.a
END GROUP
LOAD d:/cat reloaded/arm/nti_basem/stm32cubeide/stm32cubeide_1.4.0/stm32cubeide/plugins/com.st.stm32cube.ide.mcu.externaltools.gnu-tools-for-stm32.7-2018-q2-update.win32_1.4.0.202007081208/tools/bin/../lib/gcc/arm-none-eabi/7.3.1/thumb/v7-m/crtend.o
LOAD d:/cat reloaded/arm/nti_basem/stm32cubeide/stm32cubeide_1.4.0/stm32cubeide/plugins/com.st.stm32cube.ide.mcu.externaltools.gnu-tools-for-stm32.7-2018-q2-update.win32_1.4.0.202007081208/tools/bin/../lib/gcc/arm-none-eabi/7.3.1/thumb/v7-m/crtn.o
                0x0000000020005000                _estack = (ORIGIN (RAM) + LENGTH (RAM))
                0x0000000000000200                _Min_Heap_Size = 0x200
                0x0000000000000400                _Min_Stack_Size = 0x400

.isr_vector     0x0000000008000000      0x130
                0x0000000008000000                . = ALIGN (0x4)
 *(.isr_vector)
 .isr_vector    0x0000000008000000      0x130 Startup/startup_stm32f103c8tx.o
                0x0000000008000000                g_pfnVectors
                0x0000000008000130                . = ALIGN (0x4)

.text           0x0000000008000130     0x1ce0
                0x0000000008000130                . = ALIGN (0x4)
 *(.text)
 .text          0x0000000008000130       0x40 d:/cat reloaded/arm/nti_basem/stm32cubeide/stm32cubeide_1.4.0/stm32cubeide/plugins/com.st.stm32cube.ide.mcu.externaltools.gnu-tools-for-stm32.7-2018-q2-update.win32_1.4.0.202007081208/tools/bin/../lib/gcc/arm-none-eabi/7.3.1/thumb/v7-m/crtbegin.o
 .text          0x0000000008000170      0x378 d:/cat reloaded/arm/nti_basem/stm32cubeide/stm32cubeide_1.4.0/stm32cubeide/plugins/com.st.stm32cube.ide.mcu.externaltools.gnu-tools-for-stm32.7-2018-q2-update.win32_1.4.0.202007081208/tools/bin/../lib/gcc/arm-none-eabi/7.3.1/thumb/v7-m\libgcc.a(_arm_addsubdf3.o)
                0x0000000008000170                __aeabi_drsub
                0x0000000008000178                __aeabi_dsub
                0x0000000008000178                __subdf3
                0x000000000800017c                __aeabi_dadd
                0x000000000800017c                __adddf3
                0x00000000080003f4                __floatunsidf
                0x00000000080003f4                __aeabi_ui2d
                0x0000000008000414                __floatsidf
                0x0000000008000414                __aeabi_i2d
                0x0000000008000438                __aeabi_f2d
                0x0000000008000438                __extendsfdf2
                0x000000000800047c                __floatundidf
                0x000000000800047c                __aeabi_ul2d
                0x000000000800048c                __floatdidf
                0x000000000800048c                __aeabi_l2d
 .text          0x00000000080004e8      0x424 d:/cat reloaded/arm/nti_basem/stm32cubeide/stm32cubeide_1.4.0/stm32cubeide/plugins/com.st.stm32cube.ide.mcu.externaltools.gnu-tools-for-stm32.7-2018-q2-update.win32_1.4.0.202007081208/tools/bin/../lib/gcc/arm-none-eabi/7.3.1/thumb/v7-m\libgcc.a(_arm_muldivdf3.o)
                0x00000000080004e8                __aeabi_dmul
                0x00000000080004e8                __muldf3
                0x000000000800073c                __divdf3
                0x000000000800073c                __aeabi_ddiv
 .text          0x000000000800090c       0x40 d:/cat reloaded/arm/nti_basem/stm32cubeide/stm32cubeide_1.4.0/stm32cubeide/plugins/com.st.stm32cube.ide.mcu.externaltools.gnu-tools-for-stm32.7-2018-q2-update.win32_1.4.0.202007081208/tools/bin/../lib/gcc/arm-none-eabi/7.3.1/thumb/v7-m\libgcc.a(_arm_fixunsdfsi.o)
                0x000000000800090c                __aeabi_d2uiz
                0x000000000800090c                __fixunsdfsi
 .text          0x000000000800094c      0x21c d:/cat reloaded/arm/nti_basem/stm32cubeide/stm32cubeide_1.4.0/stm32cubeide/plugins/com.st.stm32cube.ide.mcu.externaltools.gnu-tools-for-stm32.7-2018-q2-update.win32_1.4.0.202007081208/tools/bin/../lib/gcc/arm-none-eabi/7.3.1/thumb/v7-m\libgcc.a(_arm_addsubsf3.o)
                0x000000000800094c                __aeabi_frsub
                0x0000000008000954                __subsf3
                0x0000000008000954                __aeabi_fsub
                0x0000000008000958                __aeabi_fadd
                0x0000000008000958                __addsf3
                0x0000000008000ab8                __aeabi_ui2f
                0x0000000008000ab8                __floatunsisf
                0x0000000008000ac0                __aeabi_i2f
                0x0000000008000ac0                __floatsisf
                0x0000000008000adc                __aeabi_ul2f
                0x0000000008000adc                __floatundisf
                0x0000000008000aec                __aeabi_l2f
                0x0000000008000aec                __floatdisf
 .text          0x0000000008000b68       0xec d:/cat reloaded/arm/nti_basem/stm32cubeide/stm32cubeide_1.4.0/stm32cubeide/plugins/com.st.stm32cube.ide.mcu.externaltools.gnu-tools-for-stm32.7-2018-q2-update.win32_1.4.0.202007081208/tools/bin/../lib/gcc/arm-none-eabi/7.3.1/thumb/v7-m\libgcc.a(_arm_cmpsf2.o)
                0x0000000008000b68                __gesf2
                0x0000000008000b68                __gtsf2
                0x0000000008000b70                __lesf2
                0x0000000008000b70                __ltsf2
                0x0000000008000b78                __nesf2
                0x0000000008000b78                __eqsf2
                0x0000000008000b78                __cmpsf2
                0x0000000008000bd8                __aeabi_cfrcmple
                0x0000000008000be0                __aeabi_cfcmpeq
                0x0000000008000be0                __aeabi_cfcmple
                0x0000000008000bf0                __aeabi_fcmpeq
                0x0000000008000c04                __aeabi_fcmplt
                0x0000000008000c18                __aeabi_fcmple
                0x0000000008000c2c                __aeabi_fcmpge
                0x0000000008000c40                __aeabi_fcmpgt
 *(.text*)
 .text.ADC1_enuInit
                0x0000000008000c54      0x144 Src/ADC_Programe.o
                0x0000000008000c54                ADC1_enuInit
 .text.ADC1_enuConfigRegularChannel
                0x0000000008000d98      0x1a4 Src/ADC_Programe.o
                0x0000000008000d98                ADC1_enuConfigRegularChannel
 .text.ADC1_2_IRQHandler
                0x0000000008000f3c       0xd8 Src/ADC_Programe.o
                0x0000000008000f3c                ADC1_2_IRQHandler
 .text.GPIO_enuSetPinMode
                0x0000000008001014      0x190 Src/GPIO_Prog.o
                0x0000000008001014                GPIO_enuSetPinMode
 .text.GPIO_enuSetPinVal
                0x00000000080011a4       0x8c Src/GPIO_Prog.o
                0x00000000080011a4                GPIO_enuSetPinVal
 .text.RCC_VidInitSysClk
                0x0000000008001230       0x5c Src/RCC_Prog.o
                0x0000000008001230                RCC_VidInitSysClk
 .text.RCC_enuStatePeripheralClk
                0x000000000800128c      0x114 Src/RCC_Prog.o
                0x000000000800128c                RCC_enuStatePeripheralClk
 .text.SysTick_Handler
                0x00000000080013a0       0x5c Src/STK_prog.o
                0x00000000080013a0                SysTick_Handler
 .text.TIM_enuDelaySync_ms
                0x00000000080013fc       0xf8 Src/TIM18_Program.o
                0x00000000080013fc                TIM_enuDelaySync_ms
 .text.TIM_enuPWM_Init
                0x00000000080014f4      0x350 Src/TIM18_Program.o
                0x00000000080014f4                TIM_enuPWM_Init
 .text.TIM_enuPWM_SetDuty
                0x0000000008001844      0x1c8 Src/TIM18_Program.o
                0x0000000008001844                TIM_enuPWM_SetDuty
 .text.TIM_enuPWM_Start
                0x0000000008001a0c       0x70 Src/TIM18_Program.o
                0x0000000008001a0c                TIM_enuPWM_Start
 .text.TIM1_UP_IRQHandler
                0x0000000008001a7c       0x38 Src/TIM18_Program.o
                0x0000000008001a7c                TIM1_UP_IRQHandler
 .text.TIM1_CC_IRQHandler
                0x0000000008001ab4       0xb0 Src/TIM18_Program.o
                0x0000000008001ab4                TIM1_CC_IRQHandler
 .text.TIM8_UP_IRQHandler
                0x0000000008001b64       0x38 Src/TIM18_Program.o
                0x0000000008001b64                TIM8_UP_IRQHandler
 .text.TIM8_CC_IRQHandler
                0x0000000008001b9c       0xb0 Src/TIM18_Program.o
                0x0000000008001b9c                TIM8_CC_IRQHandler
 .text.main     0x0000000008001c4c      0x110 Src/main.o
                0x0000000008001c4c                main
 .text.Reset_Handler
                0x0000000008001d5c       0x50 Startup/startup_stm32f103c8tx.o
                0x0000000008001d5c                Reset_Handler
 .text.Default_Handler
                0x0000000008001dac        0x2 Startup/startup_stm32f103c8tx.o
                0x0000000008001dac                EXTI2_IRQHandler
                0x0000000008001dac                TIM8_TRG_COM_IRQHandler
                0x0000000008001dac                DebugMon_Handler
                0x0000000008001dac                HardFault_Handler
                0x0000000008001dac                TIM6_IRQHandler
                0x0000000008001dac                PVD_IRQHandler
                0x0000000008001dac                SDIO_IRQHandler
                0x0000000008001dac                PendSV_Handler
                0x0000000008001dac                NMI_Handler
                0x0000000008001dac                EXTI3_IRQHandler
                0x0000000008001dac                USB_HP_CAN_TX_IRQHandler
                0x0000000008001dac                EXTI0_IRQHandler
                0x0000000008001dac                I2C2_EV_IRQHandler
                0x0000000008001dac                UsageFault_Handler
                0x0000000008001dac                SPI1_IRQHandler
                0x0000000008001dac                CAN_SCE_IRQHandler
                0x0000000008001dac                TAMPER_IRQHandler
                0x0000000008001dac                DMA2_Channel2_IRQHandler
                0x0000000008001dac                DMA1_Channel4_IRQHandler
                0x0000000008001dac                USART3_IRQHandler
                0x0000000008001dac                RTC_IRQHandler
                0x0000000008001dac                DMA1_Channel7_IRQHandler
                0x0000000008001dac                UART5_IRQHandler
                0x0000000008001dac                ADC3_IRQHandler
                0x0000000008001dac                TIM4_IRQHandler
                0x0000000008001dac                CAN_RX1_IRQHandler
                0x0000000008001dac                DMA2_Channel1_IRQHandler
                0x0000000008001dac                I2C1_EV_IRQHandler
                0x0000000008001dac                DMA1_Channel6_IRQHandler
                0x0000000008001dac                UART4_IRQHandler
                0x0000000008001dac                TIM3_IRQHandler
                0x0000000008001dac                RCC_IRQHandler
                0x0000000008001dac                TIM1_TRG_COM_IRQHandler
                0x0000000008001dac                DMA1_Channel1_IRQHandler
                0x0000000008001dac                Default_Handler
                0x0000000008001dac                EXTI15_10_IRQHandler
                0x0000000008001dac                TIM7_IRQHandler
                0x0000000008001dac                TIM5_IRQHandler
                0x0000000008001dac                EXTI9_5_IRQHandler
                0x0000000008001dac                SPI2_IRQHandler
                0x0000000008001dac                USB_LP_CAN_RX0_IRQHandler
                0x0000000008001dac                MemManage_Handler
                0x0000000008001dac                SVC_Handler
                0x0000000008001dac                DMA1_Channel5_IRQHandler
                0x0000000008001dac                EXTI4_IRQHandler
                0x0000000008001dac                DMA1_Channel3_IRQHandler
                0x0000000008001dac                FSMC_IRQHandler
                0x0000000008001dac                WWDG_IRQHandler
                0x0000000008001dac                TIM2_IRQHandler
                0x0000000008001dac                TIM1_BRK_IRQHandler
                0x0000000008001dac                EXTI1_IRQHandler
                0x0000000008001dac                RTCAlarm_IRQHandler
                0x0000000008001dac                DMA2_Channel4_5_IRQHandler
                0x0000000008001dac                USART2_IRQHandler
                0x0000000008001dac                I2C2_ER_IRQHandler
                0x0000000008001dac                DMA1_Channel2_IRQHandler
                0x0000000008001dac                TIM8_BRK_IRQHandler
                0x0000000008001dac                FLASH_IRQHandler
                0x0000000008001dac                BusFault_Handler
                0x0000000008001dac                USART1_IRQHandler
                0x0000000008001dac                SPI3_IRQHandler
                0x0000000008001dac                I2C1_ER_IRQHandler
                0x0000000008001dac                DMA2_Channel3_IRQHandler
 *fill*         0x0000000008001dae        0x2 
 .text.__libc_init_array
                0x0000000008001db0       0x48 d:/cat reloaded/arm/nti_basem/stm32cubeide/stm32cubeide_1.4.0/stm32cubeide/plugins/com.st.stm32cube.ide.mcu.externaltools.gnu-tools-for-stm32.7-2018-q2-update.win32_1.4.0.202007081208/tools/bin/../lib/gcc/arm-none-eabi/7.3.1/../../../../arm-none-eabi/lib/thumb/v7-m\libc_nano.a(lib_a-init.o)
                0x0000000008001db0                __libc_init_array
 *(.glue_7)
 .glue_7        0x0000000008001df8        0x0 linker stubs
 *(.glue_7t)
 .glue_7t       0x0000000008001df8        0x0 linker stubs
 *(.eh_frame)
 .eh_frame      0x0000000008001df8        0x0 d:/cat reloaded/arm/nti_basem/stm32cubeide/stm32cubeide_1.4.0/stm32cubeide/plugins/com.st.stm32cube.ide.mcu.externaltools.gnu-tools-for-stm32.7-2018-q2-update.win32_1.4.0.202007081208/tools/bin/../lib/gcc/arm-none-eabi/7.3.1/thumb/v7-m/crtbegin.o
 *(.init)
 .init          0x0000000008001df8        0x4 d:/cat reloaded/arm/nti_basem/stm32cubeide/stm32cubeide_1.4.0/stm32cubeide/plugins/com.st.stm32cube.ide.mcu.externaltools.gnu-tools-for-stm32.7-2018-q2-update.win32_1.4.0.202007081208/tools/bin/../lib/gcc/arm-none-eabi/7.3.1/thumb/v7-m/crti.o
                0x0000000008001df8                _init
 .init          0x0000000008001dfc        0x8 d:/cat reloaded/arm/nti_basem/stm32cubeide/stm32cubeide_1.4.0/stm32cubeide/plugins/com.st.stm32cube.ide.mcu.externaltools.gnu-tools-for-stm32.7-2018-q2-update.win32_1.4.0.202007081208/tools/bin/../lib/gcc/arm-none-eabi/7.3.1/thumb/v7-m/crtn.o
 *(.fini)
 .fini          0x0000000008001e04        0x4 d:/cat reloaded/arm/nti_basem/stm32cubeide/stm32cubeide_1.4.0/stm32cubeide/plugins/com.st.stm32cube.ide.mcu.externaltools.gnu-tools-for-stm32.7-2018-q2-update.win32_1.4.0.202007081208/tools/bin/../lib/gcc/arm-none-eabi/7.3.1/thumb/v7-m/crti.o
                0x0000000008001e04                _fini
 .fini          0x0000000008001e08        0x8 d:/cat reloaded/arm/nti_basem/stm32cubeide/stm32cubeide_1.4.0/stm32cubeide/plugins/com.st.stm32cube.ide.mcu.externaltools.gnu-tools-for-stm32.7-2018-q2-update.win32_1.4.0.202007081208/tools/bin/../lib/gcc/arm-none-eabi/7.3.1/thumb/v7-m/crtn.o
                0x0000000008001e10                . = ALIGN (0x4)
                0x0000000008001e10                _etext = .

.vfp11_veneer   0x0000000008001e10        0x0
 .vfp11_veneer  0x0000000008001e10        0x0 linker stubs

.v4_bx          0x0000000008001e10        0x0
 .v4_bx         0x0000000008001e10        0x0 linker stubs

.iplt           0x0000000008001e10        0x0
 .iplt          0x0000000008001e10        0x0 d:/cat reloaded/arm/nti_basem/stm32cubeide/stm32cubeide_1.4.0/stm32cubeide/plugins/com.st.stm32cube.ide.mcu.externaltools.gnu-tools-for-stm32.7-2018-q2-update.win32_1.4.0.202007081208/tools/bin/../lib/gcc/arm-none-eabi/7.3.1/thumb/v7-m/crtbegin.o

.rodata         0x0000000008001e10        0xc
                0x0000000008001e10                . = ALIGN (0x4)
 *(.rodata)
 .rodata        0x0000000008001e10        0xb Src/main.o
 *(.rodata*)
                0x0000000008001e1c                . = ALIGN (0x4)
 *fill*         0x0000000008001e1b        0x1 

.rel.dyn        0x0000000008001e1c        0x0
 .rel.iplt      0x0000000008001e1c        0x0 d:/cat reloaded/arm/nti_basem/stm32cubeide/stm32cubeide_1.4.0/stm32cubeide/plugins/com.st.stm32cube.ide.mcu.externaltools.gnu-tools-for-stm32.7-2018-q2-update.win32_1.4.0.202007081208/tools/bin/../lib/gcc/arm-none-eabi/7.3.1/thumb/v7-m/crtbegin.o

.ARM.extab      0x0000000008001e1c        0x0
                0x0000000008001e1c                . = ALIGN (0x4)
 *(.ARM.extab* .gnu.linkonce.armextab.*)
                0x0000000008001e1c                . = ALIGN (0x4)

.ARM            0x0000000008001e1c        0x0
                0x0000000008001e1c                . = ALIGN (0x4)
                0x0000000008001e1c                __exidx_start = .
 *(.ARM.exidx*)
                0x0000000008001e1c                __exidx_end = .
                0x0000000008001e1c                . = ALIGN (0x4)

.preinit_array  0x0000000008001e1c        0x0
                0x0000000008001e1c                . = ALIGN (0x4)
                0x0000000008001e1c                PROVIDE (__preinit_array_start = .)
 *(.preinit_array*)
                0x0000000008001e1c                PROVIDE (__preinit_array_end = .)
                0x0000000008001e1c                . = ALIGN (0x4)

.init_array     0x0000000008001e1c        0x4
                0x0000000008001e1c                . = ALIGN (0x4)
                0x0000000008001e1c                PROVIDE (__init_array_start = .)
 *(SORT_BY_NAME(.init_array.*))
 *(.init_array*)
 .init_array    0x0000000008001e1c        0x4 d:/cat reloaded/arm/nti_basem/stm32cubeide/stm32cubeide_1.4.0/stm32cubeide/plugins/com.st.stm32cube.ide.mcu.externaltools.gnu-tools-for-stm32.7-2018-q2-update.win32_1.4.0.202007081208/tools/bin/../lib/gcc/arm-none-eabi/7.3.1/thumb/v7-m/crtbegin.o
                0x0000000008001e20                PROVIDE (__init_array_end = .)
                0x0000000008001e20                . = ALIGN (0x4)

.fini_array     0x0000000008001e20        0x4
                0x0000000008001e20                . = ALIGN (0x4)
                [!provide]                        PROVIDE (__fini_array_start = .)
 *(SORT_BY_NAME(.fini_array.*))
 *(.fini_array*)
 .fini_array    0x0000000008001e20        0x4 d:/cat reloaded/arm/nti_basem/stm32cubeide/stm32cubeide_1.4.0/stm32cubeide/plugins/com.st.stm32cube.ide.mcu.externaltools.gnu-tools-for-stm32.7-2018-q2-update.win32_1.4.0.202007081208/tools/bin/../lib/gcc/arm-none-eabi/7.3.1/thumb/v7-m/crtbegin.o
                [!provide]                        PROVIDE (__fini_array_end = .)
                0x0000000008001e24                . = ALIGN (0x4)
                0x0000000008001e24                _sidata = LOADADDR (.data)

.data           0x0000000020000000       0x14 load address 0x0000000008001e24
                0x0000000020000000                . = ALIGN (0x4)
                0x0000000020000000                _sdata = .
 *(.data)
 *(.data*)
 .data.ADC1_strConfig1
                0x0000000020000000        0x8 Src/ADC_Config.o
                0x0000000020000000                ADC1_strConfig1
 .data.Private_AptrTostrOfGPIOx
                0x0000000020000008        0xc Src/GPIO_Prog.o
                0x0000000020000014                . = ALIGN (0x4)
                0x0000000020000014                _edata = .

.igot.plt       0x0000000020000014        0x0 load address 0x0000000008001e38
 .igot.plt      0x0000000020000014        0x0 d:/cat reloaded/arm/nti_basem/stm32cubeide/stm32cubeide_1.4.0/stm32cubeide/plugins/com.st.stm32cube.ide.mcu.externaltools.gnu-tools-for-stm32.7-2018-q2-update.win32_1.4.0.202007081208/tools/bin/../lib/gcc/arm-none-eabi/7.3.1/thumb/v7-m/crtbegin.o
                0x0000000020000014                . = ALIGN (0x4)

.bss            0x0000000020000014       0x60 load address 0x0000000008001e38
                0x0000000020000014                _sbss = .
                0x0000000020000014                __bss_start__ = _sbss
 *(.bss)
 .bss           0x0000000020000014       0x1c d:/cat reloaded/arm/nti_basem/stm32cubeide/stm32cubeide_1.4.0/stm32cubeide/plugins/com.st.stm32cube.ide.mcu.externaltools.gnu-tools-for-stm32.7-2018-q2-update.win32_1.4.0.202007081208/tools/bin/../lib/gcc/arm-none-eabi/7.3.1/thumb/v7-m/crtbegin.o
 *(.bss*)
 .bss.ADC1_AVidPtr2Fun
                0x0000000020000030       0x14 Src/ADC_Programe.o
 .bss.GlobalP2FUN
                0x0000000020000044        0x4 Src/STK_prog.o
 .bss.Global_u8ASynchtype
                0x0000000020000048        0x1 Src/STK_prog.o
 *fill*         0x0000000020000049        0x3 
 .bss.TIM1_GAofPtrTOFun
                0x000000002000004c       0x14 Src/TIM18_Program.o
 .bss.TIM8_GAofPtrTOFun
                0x0000000020000060       0x14 Src/TIM18_Program.o
 *(COMMON)
                0x0000000020000074                . = ALIGN (0x4)
                0x0000000020000074                _ebss = .
                0x0000000020000074                __bss_end__ = _ebss

._user_heap_stack
                0x0000000020000074      0x604 load address 0x0000000008001e38
                0x0000000020000078                . = ALIGN (0x8)
 *fill*         0x0000000020000074        0x4 
                [!provide]                        PROVIDE (end = .)
                0x0000000020000078                PROVIDE (_end = .)
                0x0000000020000278                . = (. + _Min_Heap_Size)
 *fill*         0x0000000020000078      0x200 
                0x0000000020000678                . = (. + _Min_Stack_Size)
 *fill*         0x0000000020000278      0x400 
                0x0000000020000678                . = ALIGN (0x8)

/DISCARD/
 libc.a(*)
 libm.a(*)
 libgcc.a(*)

.ARM.attributes
                0x0000000000000000       0x29
 *(.ARM.attributes)
 .ARM.attributes
                0x0000000000000000       0x1d d:/cat reloaded/arm/nti_basem/stm32cubeide/stm32cubeide_1.4.0/stm32cubeide/plugins/com.st.stm32cube.ide.mcu.externaltools.gnu-tools-for-stm32.7-2018-q2-update.win32_1.4.0.202007081208/tools/bin/../lib/gcc/arm-none-eabi/7.3.1/thumb/v7-m/crti.o
 .ARM.attributes
                0x000000000000001d       0x2d d:/cat reloaded/arm/nti_basem/stm32cubeide/stm32cubeide_1.4.0/stm32cubeide/plugins/com.st.stm32cube.ide.mcu.externaltools.gnu-tools-for-stm32.7-2018-q2-update.win32_1.4.0.202007081208/tools/bin/../lib/gcc/arm-none-eabi/7.3.1/thumb/v7-m/crtbegin.o
 .ARM.attributes
                0x000000000000004a       0x33 Src/ADC_Config.o
 .ARM.attributes
                0x000000000000007d       0x33 Src/ADC_Programe.o
 .ARM.attributes
                0x00000000000000b0       0x33 Src/GPIO_Prog.o
 .ARM.attributes
                0x00000000000000e3       0x33 Src/RCC_Prog.o
 .ARM.attributes
                0x0000000000000116       0x33 Src/STK_prog.o
 .ARM.attributes
                0x0000000000000149       0x33 Src/TIM18_Program.o
 .ARM.attributes
                0x000000000000017c       0x33 Src/main.o
 .ARM.attributes
                0x00000000000001af       0x21 Startup/startup_stm32f103c8tx.o
 .ARM.attributes
                0x00000000000001d0       0x2d d:/cat reloaded/arm/nti_basem/stm32cubeide/stm32cubeide_1.4.0/stm32cubeide/plugins/com.st.stm32cube.ide.mcu.externaltools.gnu-tools-for-stm32.7-2018-q2-update.win32_1.4.0.202007081208/tools/bin/../lib/gcc/arm-none-eabi/7.3.1/../../../../arm-none-eabi/lib/thumb/v7-m\libc_nano.a(lib_a-init.o)
 .ARM.attributes
                0x00000000000001fd       0x1d d:/cat reloaded/arm/nti_basem/stm32cubeide/stm32cubeide_1.4.0/stm32cubeide/plugins/com.st.stm32cube.ide.mcu.externaltools.gnu-tools-for-stm32.7-2018-q2-update.win32_1.4.0.202007081208/tools/bin/../lib/gcc/arm-none-eabi/7.3.1/thumb/v7-m\libgcc.a(_arm_addsubdf3.o)
 .ARM.attributes
                0x000000000000021a       0x1d d:/cat reloaded/arm/nti_basem/stm32cubeide/stm32cubeide_1.4.0/stm32cubeide/plugins/com.st.stm32cube.ide.mcu.externaltools.gnu-tools-for-stm32.7-2018-q2-update.win32_1.4.0.202007081208/tools/bin/../lib/gcc/arm-none-eabi/7.3.1/thumb/v7-m\libgcc.a(_arm_muldivdf3.o)
 .ARM.attributes
                0x0000000000000237       0x1d d:/cat reloaded/arm/nti_basem/stm32cubeide/stm32cubeide_1.4.0/stm32cubeide/plugins/com.st.stm32cube.ide.mcu.externaltools.gnu-tools-for-stm32.7-2018-q2-update.win32_1.4.0.202007081208/tools/bin/../lib/gcc/arm-none-eabi/7.3.1/thumb/v7-m\libgcc.a(_arm_fixunsdfsi.o)
 .ARM.attributes
                0x0000000000000254       0x1d d:/cat reloaded/arm/nti_basem/stm32cubeide/stm32cubeide_1.4.0/stm32cubeide/plugins/com.st.stm32cube.ide.mcu.externaltools.gnu-tools-for-stm32.7-2018-q2-update.win32_1.4.0.202007081208/tools/bin/../lib/gcc/arm-none-eabi/7.3.1/thumb/v7-m\libgcc.a(_arm_addsubsf3.o)
 .ARM.attributes
                0x0000000000000271       0x1d d:/cat reloaded/arm/nti_basem/stm32cubeide/stm32cubeide_1.4.0/stm32cubeide/plugins/com.st.stm32cube.ide.mcu.externaltools.gnu-tools-for-stm32.7-2018-q2-update.win32_1.4.0.202007081208/tools/bin/../lib/gcc/arm-none-eabi/7.3.1/thumb/v7-m\libgcc.a(_arm_cmpsf2.o)
 .ARM.attributes
                0x000000000000028e       0x1d d:/cat reloaded/arm/nti_basem/stm32cubeide/stm32cubeide_1.4.0/stm32cubeide/plugins/com.st.stm32cube.ide.mcu.externaltools.gnu-tools-for-stm32.7-2018-q2-update.win32_1.4.0.202007081208/tools/bin/../lib/gcc/arm-none-eabi/7.3.1/thumb/v7-m/crtn.o
OUTPUT(TIM1_8_V1.elf elf32-littlearm)

.debug_info     0x0000000000000000     0x24b0
 .debug_info    0x0000000000000000      0x260 Src/ADC_Config.o
 .debug_info    0x0000000000000260      0xa1c Src/ADC_Programe.o
 .debug_info    0x0000000000000c7c      0x3d9 Src/GPIO_Prog.o
 .debug_info    0x0000000000001055      0x2d6 Src/RCC_Prog.o
 .debug_info    0x000000000000132b      0x2a7 Src/STK_prog.o
 .debug_info    0x00000000000015d2      0x867 Src/TIM18_Program.o
 .debug_info    0x0000000000001e39      0x655 Src/main.o
 .debug_info    0x000000000000248e       0x22 Startup/startup_stm32f103c8tx.o

.debug_abbrev   0x0000000000000000      0x784
 .debug_abbrev  0x0000000000000000       0x7f Src/ADC_Config.o
 .debug_abbrev  0x000000000000007f      0x16c Src/ADC_Programe.o
 .debug_abbrev  0x00000000000001eb       0xfe Src/GPIO_Prog.o
 .debug_abbrev  0x00000000000002e9      0x114 Src/RCC_Prog.o
 .debug_abbrev  0x00000000000003fd      0x102 Src/STK_prog.o
 .debug_abbrev  0x00000000000004ff      0x199 Src/TIM18_Program.o
 .debug_abbrev  0x0000000000000698       0xda Src/main.o
 .debug_abbrev  0x0000000000000772       0x12 Startup/startup_stm32f103c8tx.o

.debug_aranges  0x0000000000000000      0x278
 .debug_aranges
                0x0000000000000000       0x18 Src/ADC_Config.o
 .debug_aranges
                0x0000000000000018       0x98 Src/ADC_Programe.o
 .debug_aranges
                0x00000000000000b0       0x38 Src/GPIO_Prog.o
 .debug_aranges
                0x00000000000000e8       0x50 Src/RCC_Prog.o
 .debug_aranges
                0x0000000000000138       0x58 Src/STK_prog.o
 .debug_aranges
                0x0000000000000190       0xa0 Src/TIM18_Program.o
 .debug_aranges
                0x0000000000000230       0x20 Src/main.o
 .debug_aranges
                0x0000000000000250       0x28 Startup/startup_stm32f103c8tx.o

.debug_macro    0x0000000000000000     0x10fc
 .debug_macro   0x0000000000000000       0x40 Src/ADC_Config.o
 .debug_macro   0x0000000000000040      0xa60 Src/ADC_Config.o
 .debug_macro   0x0000000000000aa0       0x10 Src/ADC_Config.o
 .debug_macro   0x0000000000000ab0       0x2e Src/ADC_Config.o
 .debug_macro   0x0000000000000ade       0x10 Src/ADC_Config.o
 .debug_macro   0x0000000000000aee       0x53 Src/ADC_Programe.o
 .debug_macro   0x0000000000000b41       0xaa Src/ADC_Programe.o
 .debug_macro   0x0000000000000beb       0x54 Src/GPIO_Prog.o
 .debug_macro   0x0000000000000c3f       0x5b Src/RCC_Prog.o
 .debug_macro   0x0000000000000c9a      0x175 Src/RCC_Prog.o
 .debug_macro   0x0000000000000e0f       0x22 Src/RCC_Prog.o
 .debug_macro   0x0000000000000e31      0x178 Src/RCC_Prog.o
 .debug_macro   0x0000000000000fa9       0x52 Src/STK_prog.o
 .debug_macro   0x0000000000000ffb       0x3a Src/STK_prog.o
 .debug_macro   0x0000000000001035       0x10 Src/STK_prog.o
 .debug_macro   0x0000000000001045       0x53 Src/TIM18_Program.o
 .debug_macro   0x0000000000001098       0x10 Src/TIM18_Program.o
 .debug_macro   0x00000000000010a8       0x54 Src/main.o

.debug_line     0x0000000000000000      0xef1
 .debug_line    0x0000000000000000       0xa1 Src/ADC_Config.o
 .debug_line    0x00000000000000a1      0x30a Src/ADC_Programe.o
 .debug_line    0x00000000000003ab      0x17e Src/GPIO_Prog.o
 .debug_line    0x0000000000000529      0x20b Src/RCC_Prog.o
 .debug_line    0x0000000000000734      0x18a Src/STK_prog.o
 .debug_line    0x00000000000008be      0x49c Src/TIM18_Program.o
 .debug_line    0x0000000000000d5a      0x113 Src/main.o
 .debug_line    0x0000000000000e6d       0x84 Startup/startup_stm32f103c8tx.o

.debug_str      0x0000000000000000     0x51e2
 .debug_str     0x0000000000000000     0x32cf Src/ADC_Config.o
                                       0x3328 (size before relaxing)
 .debug_str     0x00000000000032cf      0xc7c Src/ADC_Programe.o
                                       0x3f8d (size before relaxing)
 .debug_str     0x0000000000003f4b      0x3ff Src/GPIO_Prog.o
                                       0x36f9 (size before relaxing)
 .debug_str     0x000000000000434a      0x6af Src/RCC_Prog.o
                                       0x3c96 (size before relaxing)
 .debug_str     0x00000000000049f9      0x244 Src/STK_prog.o
                                       0x3536 (size before relaxing)
 .debug_str     0x0000000000004c3d      0x51f Src/TIM18_Program.o
                                       0x3811 (size before relaxing)
 .debug_str     0x000000000000515c       0x55 Src/main.o
                                       0x3ec5 (size before relaxing)
 .debug_str     0x00000000000051b1       0x31 Startup/startup_stm32f103c8tx.o
                                         0x66 (size before relaxing)

.comment        0x0000000000000000       0x7b
 .comment       0x0000000000000000       0x7b Src/ADC_Config.o
                                         0x7c (size before relaxing)
 .comment       0x000000000000007b       0x7c Src/ADC_Programe.o
 .comment       0x000000000000007b       0x7c Src/GPIO_Prog.o
 .comment       0x000000000000007b       0x7c Src/RCC_Prog.o
 .comment       0x000000000000007b       0x7c Src/STK_prog.o
 .comment       0x000000000000007b       0x7c Src/TIM18_Program.o
 .comment       0x000000000000007b       0x7c Src/main.o

.debug_ranges   0x0000000000000000      0x1f8
 .debug_ranges  0x0000000000000000       0x88 Src/ADC_Programe.o
 .debug_ranges  0x0000000000000088       0x28 Src/GPIO_Prog.o
 .debug_ranges  0x00000000000000b0       0x40 Src/RCC_Prog.o
 .debug_ranges  0x00000000000000f0       0x48 Src/STK_prog.o
 .debug_ranges  0x0000000000000138       0x90 Src/TIM18_Program.o
 .debug_ranges  0x00000000000001c8       0x10 Src/main.o
 .debug_ranges  0x00000000000001d8       0x20 Startup/startup_stm32f103c8tx.o

.debug_frame    0x0000000000000000      0xaa8
 .debug_frame   0x0000000000000000      0x280 Src/ADC_Programe.o
 .debug_frame   0x0000000000000280       0xb0 Src/GPIO_Prog.o
 .debug_frame   0x0000000000000330      0x120 Src/RCC_Prog.o
 .debug_frame   0x0000000000000450      0x13c Src/STK_prog.o
 .debug_frame   0x000000000000058c      0x28c Src/TIM18_Program.o
 .debug_frame   0x0000000000000818       0x30 Src/main.o
 .debug_frame   0x0000000000000848       0x2c d:/cat reloaded/arm/nti_basem/stm32cubeide/stm32cubeide_1.4.0/stm32cubeide/plugins/com.st.stm32cube.ide.mcu.externaltools.gnu-tools-for-stm32.7-2018-q2-update.win32_1.4.0.202007081208/tools/bin/../lib/gcc/arm-none-eabi/7.3.1/../../../../arm-none-eabi/lib/thumb/v7-m\libc_nano.a(lib_a-init.o)
 .debug_frame   0x0000000000000874       0xac d:/cat reloaded/arm/nti_basem/stm32cubeide/stm32cubeide_1.4.0/stm32cubeide/plugins/com.st.stm32cube.ide.mcu.externaltools.gnu-tools-for-stm32.7-2018-q2-update.win32_1.4.0.202007081208/tools/bin/../lib/gcc/arm-none-eabi/7.3.1/thumb/v7-m\libgcc.a(_arm_addsubdf3.o)
 .debug_frame   0x0000000000000920       0x50 d:/cat reloaded/arm/nti_basem/stm32cubeide/stm32cubeide_1.4.0/stm32cubeide/plugins/com.st.stm32cube.ide.mcu.externaltools.gnu-tools-for-stm32.7-2018-q2-update.win32_1.4.0.202007081208/tools/bin/../lib/gcc/arm-none-eabi/7.3.1/thumb/v7-m\libgcc.a(_arm_muldivdf3.o)
 .debug_frame   0x0000000000000970       0x24 d:/cat reloaded/arm/nti_basem/stm32cubeide/stm32cubeide_1.4.0/stm32cubeide/plugins/com.st.stm32cube.ide.mcu.externaltools.gnu-tools-for-stm32.7-2018-q2-update.win32_1.4.0.202007081208/tools/bin/../lib/gcc/arm-none-eabi/7.3.1/thumb/v7-m\libgcc.a(_arm_fixunsdfsi.o)
 .debug_frame   0x0000000000000994       0x4c d:/cat reloaded/arm/nti_basem/stm32cubeide/stm32cubeide_1.4.0/stm32cubeide/plugins/com.st.stm32cube.ide.mcu.externaltools.gnu-tools-for-stm32.7-2018-q2-update.win32_1.4.0.202007081208/tools/bin/../lib/gcc/arm-none-eabi/7.3.1/thumb/v7-m\libgcc.a(_arm_addsubsf3.o)
 .debug_frame   0x00000000000009e0       0xc8 d:/cat reloaded/arm/nti_basem/stm32cubeide/stm32cubeide_1.4.0/stm32cubeide/plugins/com.st.stm32cube.ide.mcu.externaltools.gnu-tools-for-stm32.7-2018-q2-update.win32_1.4.0.202007081208/tools/bin/../lib/gcc/arm-none-eabi/7.3.1/thumb/v7-m\libgcc.a(_arm_cmpsf2.o)
